
*** metao-registry/src/lib.rs:56:9: replace Registry::execute_contained -> Result<ExecutionResult, RegistryError> with Ok(Default::default())

*** mutation diff:
--- metao-registry/src/lib.rs
+++ replace Registry::execute_contained -> Result<ExecutionResult, RegistryError> with Ok(Default::default())
@@ -48,17 +48,11 @@
         self.runtimes.remove(id).is_some()
     }
 
     pub fn execute_contained(
         &self,
         id: &RuntimeId,
         request: &ExecutionRequest,
     ) -> Result<ExecutionResult, RegistryError> {
-        let Some(registered) = self.runtimes.get(id) else {
-            return Err(RegistryError::NotFound(id.clone()));
-        };
-        match catch_unwind(AssertUnwindSafe(|| registered.runtime.execute(request))) {
-            Ok(result) => Ok(result),
-            Err(_) => Err(RegistryError::Panicked(id.clone())),
-        }
+        Ok(Default::default()) /* ~ changed by cargo-mutants ~ */
     }
 }


*** C:\\Users\\Igor\ B\\.rustup\\toolchains\\stable-x86_64-pc-windows-msvc\\bin\\cargo.exe test --no-run --verbose --workspace
       Fresh unicode-ident v1.0.24
       Fresh memchr v2.8.3
       Fresh proc-macro2 v1.0.107
       Fresh itoa v1.0.18
       Dirty metao-registry v0.0.0 (C:\Users\IGORB~1\AppData\Local\Temp\cargo-mutants-rust-chassis-a-FsYB9I.tmp\metao-registry): the file `metao-registry\src\lib.rs` has changed (13432338634.539358400s, 4s after last build at 13432338630.211988900s)
   Compiling metao-registry v0.0.0 (C:\Users\IGORB~1\AppData\Local\Temp\cargo-mutants-rust-chassis-a-FsYB9I.tmp\metao-registry)
       Fresh quote v1.0.47
       Fresh serde_core v1.0.229
       Fresh zmij v1.0.23
       Fresh metao-kernel v0.0.0 (C:\Users\IGORB~1\AppData\Local\Temp\cargo-mutants-rust-chassis-a-FsYB9I.tmp\metao-kernel)
       Fresh metao-contracts v0.0.0 (C:\Users\IGORB~1\AppData\Local\Temp\cargo-mutants-rust-chassis-a-FsYB9I.tmp\metao-contracts)
     Running `C:\Users\Igor B\.rustup\toolchains\stable-x86_64-pc-windows-msvc\bin\rustc.exe --crate-name metao_registry --edition=2021 metao-registry\src\lib.rs --error-format=json --json=diagnostic-rendered-ansi,artifacts,future-incompat --crate-type lib --emit=dep-info,metadata,link -C embed-bitcode=no -C debuginfo=2 --check-cfg cfg(docsrs,test) --check-cfg "cfg(feature, values())" -C metadata=7c2b7be1c83c374c -C extra-filename=-643a34d702e3604c --out-dir C:\Users\IGORB~1\AppData\Local\Temp\cargo-mutants-rust-chassis-a-FsYB9I.tmp\target\debug\deps -C incremental=C:\Users\IGORB~1\AppData\Local\Temp\cargo-mutants-rust-chassis-a-FsYB9I.tmp\target\debug\incremental -L dependency=C:\Users\IGORB~1\AppData\Local\Temp\cargo-mutants-rust-chassis-a-FsYB9I.tmp\target\debug\deps --extern metao_contracts=C:\Users\IGORB~1\AppData\Local\Temp\cargo-mutants-rust-chassis-a-FsYB9I.tmp\target\debug\deps\libmetao_contracts-2f46a9e12d2edc35.rmeta`
     Running `C:\Users\Igor B\.rustup\toolchains\stable-x86_64-pc-windows-msvc\bin\rustc.exe --crate-name metao_registry --edition=2021 metao-registry\src\lib.rs --error-format=json --json=diagnostic-rendered-ansi,artifacts,future-incompat --emit=dep-info,link -C embed-bitcode=no -C debuginfo=2 --test --check-cfg cfg(docsrs,test) --check-cfg "cfg(feature, values())" -C metadata=182bc52ada0c90b5 -C extra-filename=-e77873071df07843 --out-dir C:\Users\IGORB~1\AppData\Local\Temp\cargo-mutants-rust-chassis-a-FsYB9I.tmp\target\debug\deps -C incremental=C:\Users\IGORB~1\AppData\Local\Temp\cargo-mutants-rust-chassis-a-FsYB9I.tmp\target\debug\incremental -L dependency=C:\Users\IGORB~1\AppData\Local\Temp\cargo-mutants-rust-chassis-a-FsYB9I.tmp\target\debug\deps --extern metao_contracts=C:\Users\IGORB~1\AppData\Local\Temp\cargo-mutants-rust-chassis-a-FsYB9I.tmp\target\debug\deps\libmetao_contracts-2f46a9e12d2edc35.rlib`
       Fresh syn v3.0.4
       Fresh serde_json v1.0.151
       Fresh serde_derive v1.0.229
       Fresh serde v1.0.229
       Fresh metao-wire v0.0.0 (C:\Users\IGORB~1\AppData\Local\Temp\cargo-mutants-rust-chassis-a-FsYB9I.tmp\metao-wire)
warning: unused imports: `AssertUnwindSafe` and `catch_unwind`
 --> metao-registry\src\lib.rs:2:18
  |
2 | use std::panic::{catch_unwind, AssertUnwindSafe};
  |                  ^^^^^^^^^^^^  ^^^^^^^^^^^^^^^^
  |
  = note: `#[warn(unused_imports)]` (part of `#[warn(unused)]`) on by default

error[E0277]: the trait bound `ExecutionResult: Default` is not satisfied
  --> metao-registry\src\lib.rs:56:12
   |
56 |         Ok(Default::default()) /* ~ changed by cargo-mutants ~ */
   |            ^^^^^^^^^^^^^^^^^^ the trait `Default` is not implemented for `ExecutionResult`

For more information about this error, try `rustc --explain E0277`.
warning: `metao-registry` (lib test) generated 1 warning
error: could not compile `metao-registry` (lib test) due to 1 previous error; 1 warning emitted

Caused by:
  process didn't exit successfully: `C:\Users\Igor B\.rustup\toolchains\stable-x86_64-pc-windows-msvc\bin\rustc.exe --crate-name metao_registry --edition=2021 metao-registry\src\lib.rs --error-format=json --json=diagnostic-rendered-ansi,artifacts,future-incompat --emit=dep-info,link -C embed-bitcode=no -C debuginfo=2 --test --check-cfg cfg(docsrs,test) --check-cfg "cfg(feature, values())" -C metadata=182bc52ada0c90b5 -C extra-filename=-e77873071df07843 --out-dir C:\Users\IGORB~1\AppData\Local\Temp\cargo-mutants-rust-chassis-a-FsYB9I.tmp\target\debug\deps -C incremental=C:\Users\IGORB~1\AppData\Local\Temp\cargo-mutants-rust-chassis-a-FsYB9I.tmp\target\debug\incremental -L dependency=C:\Users\IGORB~1\AppData\Local\Temp\cargo-mutants-rust-chassis-a-FsYB9I.tmp\target\debug\deps --extern metao_contracts=C:\Users\IGORB~1\AppData\Local\Temp\cargo-mutants-rust-chassis-a-FsYB9I.tmp\target\debug\deps\libmetao_contracts-2f46a9e12d2edc35.rlib` (exit code: 1)
warning: build failed, waiting for other jobs to finish...
warning: `metao-registry` (lib) generated 1 warning (1 duplicate)
error: could not compile `metao-registry` (lib) due to 1 previous error; 1 warning emitted

Caused by:
  process didn't exit successfully: `C:\Users\Igor B\.rustup\toolchains\stable-x86_64-pc-windows-msvc\bin\rustc.exe --crate-name metao_registry --edition=2021 metao-registry\src\lib.rs --error-format=json --json=diagnostic-rendered-ansi,artifacts,future-incompat --crate-type lib --emit=dep-info,metadata,link -C embed-bitcode=no -C debuginfo=2 --check-cfg cfg(docsrs,test) --check-cfg "cfg(feature, values())" -C metadata=7c2b7be1c83c374c -C extra-filename=-643a34d702e3604c --out-dir C:\Users\IGORB~1\AppData\Local\Temp\cargo-mutants-rust-chassis-a-FsYB9I.tmp\target\debug\deps -C incremental=C:\Users\IGORB~1\AppData\Local\Temp\cargo-mutants-rust-chassis-a-FsYB9I.tmp\target\debug\incremental -L dependency=C:\Users\IGORB~1\AppData\Local\Temp\cargo-mutants-rust-chassis-a-FsYB9I.tmp\target\debug\deps --extern metao_contracts=C:\Users\IGORB~1\AppData\Local\Temp\cargo-mutants-rust-chassis-a-FsYB9I.tmp\target\debug\deps\libmetao_contracts-2f46a9e12d2edc35.rmeta` (exit code: 1)

*** result: Failure(101)
