
*** metao-kernel/src/lib.rs:13:5: replace evaluate_acceptance -> AcceptanceDecision with Default::default()

*** mutation diff:
--- metao-kernel/src/lib.rs
+++ replace evaluate_acceptance -> AcceptanceDecision with Default::default()
@@ -5,46 +5,17 @@
 
 pub fn evaluate_acceptance(
     request: &ExecutionRequest,
     result: &ExecutionResult,
     evidence: Option<&Evidence>,
     policy: PolicyEffect,
     now_epoch: i64,
 ) -> AcceptanceDecision {
-    if matches!(policy, PolicyEffect::Deny) {
-        return AcceptanceDecision::Block;
-    }
-
-    if !matches!(result.status, ExecutionStatus::Succeeded) {
-        return AcceptanceDecision::NotDone;
-    }
-
-    let Some(evidence) = evidence else {
-        return AcceptanceDecision::NotDone;
-    };
-
-    if !evidence.verified
-        || evidence.mission_id != request.mission_id
-        || evidence.execution_id != request.execution_id
-        || evidence.execution_id != result.execution_id
-        || evidence.runtime_id != result.runtime_id
-    {
-        return AcceptanceDecision::Block;
-    }
-
-    if now_epoch < evidence.created_at_epoch {
-        return AcceptanceDecision::Block;
-    }
-
-    if now_epoch > evidence.expires_at_epoch {
-        return AcceptanceDecision::Stale;
-    }
-
-    AcceptanceDecision::Accept
+    Default::default() /* ~ changed by cargo-mutants ~ */
 }
 
 pub fn reconcile_missing(desired: &[RuntimeId], observed: &[RuntimeId]) -> Vec<RuntimeId> {
     let mut missing: Vec<_> = desired
         .iter()
         .filter(|runtime| !observed.contains(runtime))
         .cloned()
         .collect();


*** C:\\Users\\Igor\ B\\.rustup\\toolchains\\stable-x86_64-pc-windows-msvc\\bin\\cargo.exe test --no-run --verbose --workspace
warning: failed to save last-use data
This may prevent cargo from accurately tracking what is being used in its global cache. This information is used for automatically removing unused data in the cache.

attempt to write a readonly database

Caused by:
  Error code 8: attempt to write a readonly database
   Compiling proc-macro2 v1.0.107
   Compiling quote v1.0.47
   Compiling unicode-ident v1.0.24
   Compiling serde_core v1.0.229
   Compiling zmij v1.0.23
   Compiling serde_json v1.0.151
   Compiling serde v1.0.229
   Compiling memchr v2.8.3
     Running `C:\Users\Igor B\.rustup\toolchains\stable-x86_64-pc-windows-msvc\bin\rustc.exe --crate-name build_script_build --edition=2021 "C:\Users\Igor B\.cargo\registry\src\index.crates.io-1949cf8c6b5b557f\proc-macro2-1.0.107\build.rs" --error-format=json --json=diagnostic-rendered-ansi,artifacts,future-incompat --crate-type bin --emit=dep-info,link -C embed-bitcode=no --cfg "feature=\"proc-macro\"" --check-cfg cfg(docsrs,test) --check-cfg "cfg(feature, values(\"default\", \"nightly\", \"proc-macro\", \"span-locations\"))" -C metadata=496b36eb4c0e5463 -C extra-filename=-63f79d925bc13e28 --out-dir C:\Users\IGORB~1\AppData\Local\Temp\cargo-mutants-rust-chassis-a-KAEUqx.tmp\target\debug\build\proc-macro2-63f79d925bc13e28 -L dependency=C:\Users\IGORB~1\AppData\Local\Temp\cargo-mutants-rust-chassis-a-KAEUqx.tmp\target\debug\deps --cap-lints allow`
     Running `C:\Users\Igor B\.rustup\toolchains\stable-x86_64-pc-windows-msvc\bin\rustc.exe --crate-name unicode_ident --edition=2021 "C:\Users\Igor B\.cargo\registry\src\index.crates.io-1949cf8c6b5b557f\unicode-ident-1.0.24\src\lib.rs" --error-format=json --json=diagnostic-rendered-ansi,artifacts,future-incompat --crate-type lib --emit=dep-info,metadata,link -C embed-bitcode=no --check-cfg cfg(docsrs,test) --check-cfg "cfg(feature, values())" -C metadata=3dfee9bdd27c1269 -C extra-filename=-d5d6c102c8b1605b --out-dir C:\Users\IGORB~1\AppData\Local\Temp\cargo-mutants-rust-chassis-a-KAEUqx.tmp\target\debug\deps -L dependency=C:\Users\IGORB~1\AppData\Local\Temp\cargo-mutants-rust-chassis-a-KAEUqx.tmp\target\debug\deps --cap-lints allow`
     Running `C:\Users\Igor B\.rustup\toolchains\stable-x86_64-pc-windows-msvc\bin\rustc.exe --crate-name build_script_build --edition=2021 "C:\Users\Igor B\.cargo\registry\src\index.crates.io-1949cf8c6b5b557f\quote-1.0.47\build.rs" --error-format=json --json=diagnostic-rendered-ansi,artifacts,future-incompat --crate-type bin --emit=dep-info,link -C embed-bitcode=no --cfg "feature=\"proc-macro\"" --check-cfg cfg(docsrs,test) --check-cfg "cfg(feature, values(\"default\", \"proc-macro\"))" -C metadata=b9aaceec9154b319 -C extra-filename=-f56918f17a00ead2 --out-dir C:\Users\IGORB~1\AppData\Local\Temp\cargo-mutants-rust-chassis-a-KAEUqx.tmp\target\debug\build\quote-f56918f17a00ead2 -L dependency=C:\Users\IGORB~1\AppData\Local\Temp\cargo-mutants-rust-chassis-a-KAEUqx.tmp\target\debug\deps --cap-lints allow`
   Compiling itoa v1.0.18
     Running `C:\Users\Igor B\.rustup\toolchains\stable-x86_64-pc-windows-msvc\bin\rustc.exe --crate-name build_script_build --edition=2021 "C:\Users\Igor B\.cargo\registry\src\index.crates.io-1949cf8c6b5b557f\serde_core-1.0.229\build.rs" --error-format=json --json=diagnostic-rendered-ansi,artifacts,future-incompat --crate-type bin --emit=dep-info,link -C embed-bitcode=no --cfg "feature=\"result\"" --cfg "feature=\"std\"" --check-cfg cfg(docsrs,test) --check-cfg "cfg(feature, values(\"alloc\", \"default\", \"rc\", \"result\", \"std\", \"unstable\"))" -C metadata=d2539e5cc0714756 -C extra-filename=-a9c94a87763300d1 --out-dir C:\Users\IGORB~1\AppData\Local\Temp\cargo-mutants-rust-chassis-a-KAEUqx.tmp\target\debug\build\serde_core-a9c94a87763300d1 -L dependency=C:\Users\IGORB~1\AppData\Local\Temp\cargo-mutants-rust-chassis-a-KAEUqx.tmp\target\debug\deps --cap-lints allow`
     Running `C:\Users\Igor B\.rustup\toolchains\stable-x86_64-pc-windows-msvc\bin\rustc.exe --crate-name build_script_build --edition=2021 "C:\Users\Igor B\.cargo\registry\src\index.crates.io-1949cf8c6b5b557f\serde_json-1.0.151\build.rs" --error-format=json --json=diagnostic-rendered-ansi,artifacts,future-incompat --crate-type bin --emit=dep-info,link -C embed-bitcode=no --cfg "feature=\"default\"" --cfg "feature=\"std\"" --check-cfg cfg(docsrs,test) --check-cfg "cfg(feature, values(\"alloc\", \"arbitrary_precision\", \"default\", \"float_roundtrip\", \"indexmap\", \"preserve_order\", \"raw_value\", \"std\", \"unbounded_depth\"))" -C metadata=fc17252466d85dcd -C extra-filename=-a6946029485c9895 --out-dir C:\Users\IGORB~1\AppData\Local\Temp\cargo-mutants-rust-chassis-a-KAEUqx.tmp\target\debug\build\serde_json-a6946029485c9895 -L dependency=C:\Users\IGORB~1\AppData\Local\Temp\cargo-mutants-rust-chassis-a-KAEUqx.tmp\target\debug\deps --cap-lints allow`
     Running `C:\Users\Igor B\.rustup\toolchains\stable-x86_64-pc-windows-msvc\bin\rustc.exe --crate-name build_script_build --edition=2021 "C:\Users\Igor B\.cargo\registry\src\index.crates.io-1949cf8c6b5b557f\zmij-1.0.23\build.rs" --error-format=json --json=diagnostic-rendered-ansi,artifacts,future-incompat --crate-type bin --emit=dep-info,link -C embed-bitcode=no --check-cfg cfg(docsrs,test) --check-cfg "cfg(feature, values(\"no-panic\"))" -C metadata=a3a5cc72fca7841f -C extra-filename=-9a1e767e9238dcdb --out-dir C:\Users\IGORB~1\AppData\Local\Temp\cargo-mutants-rust-chassis-a-KAEUqx.tmp\target\debug\build\zmij-9a1e767e9238dcdb -L dependency=C:\Users\IGORB~1\AppData\Local\Temp\cargo-mutants-rust-chassis-a-KAEUqx.tmp\target\debug\deps --cap-lints allow`
     Running `C:\Users\Igor B\.rustup\toolchains\stable-x86_64-pc-windows-msvc\bin\rustc.exe --crate-name build_script_build --edition=2021 "C:\Users\Igor B\.cargo\registry\src\index.crates.io-1949cf8c6b5b557f\serde-1.0.229\build.rs" --error-format=json --json=diagnostic-rendered-ansi,artifacts,future-incompat --crate-type bin --emit=dep-info,link -C embed-bitcode=no --cfg "feature=\"default\"" --cfg "feature=\"derive\"" --cfg "feature=\"serde_derive\"" --cfg "feature=\"std\"" --check-cfg cfg(docsrs,test) --check-cfg "cfg(feature, values(\"alloc\", \"default\", \"derive\", \"rc\", \"serde_derive\", \"std\", \"unstable\"))" -C metadata=b4f0fed0f8567faa -C extra-filename=-da9697703d592838 --out-dir C:\Users\IGORB~1\AppData\Local\Temp\cargo-mutants-rust-chassis-a-KAEUqx.tmp\target\debug\build\serde-da9697703d592838 -L dependency=C:\Users\IGORB~1\AppData\Local\Temp\cargo-mutants-rust-chassis-a-KAEUqx.tmp\target\debug\deps --cap-lints allow`
     Running `C:\Users\Igor B\.rustup\toolchains\stable-x86_64-pc-windows-msvc\bin\rustc.exe --crate-name memchr --edition=2021 "C:\Users\Igor B\.cargo\registry\src\index.crates.io-1949cf8c6b5b557f\memchr-2.8.3\src\lib.rs" --error-format=json --json=diagnostic-rendered-ansi,artifacts,future-incompat --crate-type lib --emit=dep-info,metadata,link -C embed-bitcode=no -C debuginfo=2 --cfg "feature=\"alloc\"" --cfg "feature=\"std\"" --check-cfg cfg(docsrs,test) --check-cfg "cfg(feature, values(\"alloc\", \"core\", \"default\", \"libc\", \"logging\", \"rustc-dep-of-std\", \"std\", \"use_std\"))" -C metadata=464e29b79fb84d11 -C extra-filename=-b97dc146a50c32ce --out-dir C:\Users\IGORB~1\AppData\Local\Temp\cargo-mutants-rust-chassis-a-KAEUqx.tmp\target\debug\deps -L dependency=C:\Users\IGORB~1\AppData\Local\Temp\cargo-mutants-rust-chassis-a-KAEUqx.tmp\target\debug\deps --cap-lints allow`
     Running `C:\Users\Igor B\.rustup\toolchains\stable-x86_64-pc-windows-msvc\bin\rustc.exe --crate-name itoa --edition=2021 "C:\Users\Igor B\.cargo\registry\src\index.crates.io-1949cf8c6b5b557f\itoa-1.0.18\src\lib.rs" --error-format=json --json=diagnostic-rendered-ansi,artifacts,future-incompat --crate-type lib --emit=dep-info,metadata,link -C embed-bitcode=no -C debuginfo=2 --check-cfg cfg(docsrs,test) --check-cfg "cfg(feature, values(\"no-panic\"))" -C metadata=4e345405f34bdd28 -C extra-filename=-870d67c3f75d08a9 --out-dir C:\Users\IGORB~1\AppData\Local\Temp\cargo-mutants-rust-chassis-a-KAEUqx.tmp\target\debug\deps -L dependency=C:\Users\IGORB~1\AppData\Local\Temp\cargo-mutants-rust-chassis-a-KAEUqx.tmp\target\debug\deps --cap-lints allow`
   Compiling metao-registry v0.0.0 (C:\Users\IGORB~1\AppData\Local\Temp\cargo-mutants-rust-chassis-a-KAEUqx.tmp\metao-registry)
     Running `C:\Users\Igor B\.rustup\toolchains\stable-x86_64-pc-windows-msvc\bin\rustc.exe --crate-name metao_registry --edition=2021 metao-registry\src\lib.rs --error-format=json --json=diagnostic-rendered-ansi,artifacts,future-incompat --crate-type lib --emit=dep-info,metadata,link -C embed-bitcode=no -C debuginfo=2 --check-cfg cfg(docsrs,test) --check-cfg "cfg(feature, values())" -C metadata=7c2b7be1c83c374c -C extra-filename=-643a34d702e3604c --out-dir C:\Users\IGORB~1\AppData\Local\Temp\cargo-mutants-rust-chassis-a-KAEUqx.tmp\target\debug\deps -C incremental=C:\Users\IGORB~1\AppData\Local\Temp\cargo-mutants-rust-chassis-a-KAEUqx.tmp\target\debug\incremental -L dependency=C:\Users\IGORB~1\AppData\Local\Temp\cargo-mutants-rust-chassis-a-KAEUqx.tmp\target\debug\deps --extern metao_contracts=C:\Users\IGORB~1\AppData\Local\Temp\cargo-mutants-rust-chassis-a-KAEUqx.tmp\target\debug\deps\libmetao_contracts-2f46a9e12d2edc35.rmeta`
       Dirty metao-kernel v0.0.0 (C:\Users\IGORB~1\AppData\Local\Temp\cargo-mutants-rust-chassis-a-KAEUqx.tmp\metao-kernel): the file `metao-kernel\src\lib.rs` has changed (13432347471.529650400s, 1s after last build at 13432347470.157786200s)
   Compiling metao-kernel v0.0.0 (C:\Users\IGORB~1\AppData\Local\Temp\cargo-mutants-rust-chassis-a-KAEUqx.tmp\metao-kernel)
     Running `C:\Users\Igor B\.rustup\toolchains\stable-x86_64-pc-windows-msvc\bin\rustc.exe --crate-name metao_kernel --edition=2021 metao-kernel\src\lib.rs --error-format=json --json=diagnostic-rendered-ansi,artifacts,future-incompat --crate-type lib --emit=dep-info,metadata,link -C embed-bitcode=no -C debuginfo=2 --check-cfg cfg(docsrs,test) --check-cfg "cfg(feature, values())" -C metadata=8063af36809cfa34 -C extra-filename=-a40e2e7ebf26b89a --out-dir C:\Users\IGORB~1\AppData\Local\Temp\cargo-mutants-rust-chassis-a-KAEUqx.tmp\target\debug\deps -C incremental=C:\Users\IGORB~1\AppData\Local\Temp\cargo-mutants-rust-chassis-a-KAEUqx.tmp\target\debug\incremental -L dependency=C:\Users\IGORB~1\AppData\Local\Temp\cargo-mutants-rust-chassis-a-KAEUqx.tmp\target\debug\deps --extern metao_contracts=C:\Users\IGORB~1\AppData\Local\Temp\cargo-mutants-rust-chassis-a-KAEUqx.tmp\target\debug\deps\libmetao_contracts-2f46a9e12d2edc35.rmeta`
     Running `C:\Users\IGORB~1\AppData\Local\Temp\cargo-mutants-rust-chassis-a-KAEUqx.tmp\target\debug\build\serde_json-a6946029485c9895\build-script-build`
     Running `C:\Users\IGORB~1\AppData\Local\Temp\cargo-mutants-rust-chassis-a-KAEUqx.tmp\target\debug\build\zmij-9a1e767e9238dcdb\build-script-build`
     Running `C:\Users\IGORB~1\AppData\Local\Temp\cargo-mutants-rust-chassis-a-KAEUqx.tmp\target\debug\build\proc-macro2-63f79d925bc13e28\build-script-build`
     Running `C:\Users\IGORB~1\AppData\Local\Temp\cargo-mutants-rust-chassis-a-KAEUqx.tmp\target\debug\build\quote-f56918f17a00ead2\build-script-build`
     Running `C:\Users\IGORB~1\AppData\Local\Temp\cargo-mutants-rust-chassis-a-KAEUqx.tmp\target\debug\build\serde_core-a9c94a87763300d1\build-script-build`
     Running `C:\Users\IGORB~1\AppData\Local\Temp\cargo-mutants-rust-chassis-a-KAEUqx.tmp\target\debug\build\serde-da9697703d592838\build-script-build`
warning: unused import: `ExecutionStatus`
 --> metao-kernel\src\lib.rs:2:70
  |
2 |     AcceptanceDecision, Evidence, ExecutionRequest, ExecutionResult, ExecutionStatus, PolicyEffect,
  |                                                                      ^^^^^^^^^^^^^^^
  |
  = note: `#[warn(unused_imports)]` (part of `#[warn(unused)]`) on by default

error[E0277]: the trait bound `AcceptanceDecision: Default` is not satisfied
  --> metao-kernel\src\lib.rs:13:5
   |
13 |     Default::default() /* ~ changed by cargo-mutants ~ */
   |     ^^^^^^^^^^^^^^^^^^ the trait `Default` is not implemented for `AcceptanceDecision`

For more information about this error, try `rustc --explain E0277`.
warning: `metao-kernel` (lib) generated 1 warning
error: could not compile `metao-kernel` (lib) due to 1 previous error; 1 warning emitted

Caused by:
  process didn't exit successfully: `C:\Users\Igor B\.rustup\toolchains\stable-x86_64-pc-windows-msvc\bin\rustc.exe --crate-name metao_kernel --edition=2021 metao-kernel\src\lib.rs --error-format=json --json=diagnostic-rendered-ansi,artifacts,future-incompat --crate-type lib --emit=dep-info,metadata,link -C embed-bitcode=no -C debuginfo=2 --check-cfg cfg(docsrs,test) --check-cfg "cfg(feature, values())" -C metadata=8063af36809cfa34 -C extra-filename=-a40e2e7ebf26b89a --out-dir C:\Users\IGORB~1\AppData\Local\Temp\cargo-mutants-rust-chassis-a-KAEUqx.tmp\target\debug\deps -C incremental=C:\Users\IGORB~1\AppData\Local\Temp\cargo-mutants-rust-chassis-a-KAEUqx.tmp\target\debug\incremental -L dependency=C:\Users\IGORB~1\AppData\Local\Temp\cargo-mutants-rust-chassis-a-KAEUqx.tmp\target\debug\deps --extern metao_contracts=C:\Users\IGORB~1\AppData\Local\Temp\cargo-mutants-rust-chassis-a-KAEUqx.tmp\target\debug\deps\libmetao_contracts-2f46a9e12d2edc35.rmeta` (exit code: 1)
warning: build failed, waiting for other jobs to finish...

*** result: Failure(101)
