
*** metao-kernel/src/lib.rs:46:5: replace reconcile_missing -> Vec<RuntimeId> with vec![]

*** mutation diff:
--- metao-kernel/src/lib.rs
+++ replace reconcile_missing -> Vec<RuntimeId> with vec![]
@@ -38,17 +38,10 @@
     if now_epoch > evidence.expires_at_epoch {
         return AcceptanceDecision::Stale;
     }
 
     AcceptanceDecision::Accept
 }
 
 pub fn reconcile_missing(desired: &[RuntimeId], observed: &[RuntimeId]) -> Vec<RuntimeId> {
-    let mut missing: Vec<_> = desired
-        .iter()
-        .filter(|runtime| !observed.contains(runtime))
-        .cloned()
-        .collect();
-    missing.sort();
-    missing.dedup();
-    missing
+    vec![] /* ~ changed by cargo-mutants ~ */
 }


*** C:\\Users\\Igor\ B\\.rustup\\toolchains\\stable-x86_64-pc-windows-msvc\\bin\\cargo.exe test --no-run --verbose --workspace
warning: failed to save last-use data
This may prevent cargo from accurately tracking what is being used in its global cache. This information is used for automatically removing unused data in the cache.

attempt to write a readonly database

Caused by:
  Error code 8: attempt to write a readonly database
       Fresh unicode-ident v1.0.24
       Fresh memchr v2.8.3
       Fresh itoa v1.0.18
       Fresh proc-macro2 v1.0.107
       Dirty metao-kernel v0.0.0 (C:\Users\IGORB~1\AppData\Local\Temp\cargo-mutants-rust-chassis-a-KAEUqx.tmp\metao-kernel): the file `metao-kernel\src\lib.rs` has changed (13432347597.515486300s, 6s after last build at 13432347591.665724200s)
   Compiling metao-kernel v0.0.0 (C:\Users\IGORB~1\AppData\Local\Temp\cargo-mutants-rust-chassis-a-KAEUqx.tmp\metao-kernel)
       Fresh metao-registry v0.0.0 (C:\Users\IGORB~1\AppData\Local\Temp\cargo-mutants-rust-chassis-a-KAEUqx.tmp\metao-registry)
       Fresh quote v1.0.47
       Fresh serde_core v1.0.229
       Fresh zmij v1.0.23
       Fresh metao-contracts v0.0.0 (C:\Users\IGORB~1\AppData\Local\Temp\cargo-mutants-rust-chassis-a-KAEUqx.tmp\metao-contracts)
     Running `C:\Users\Igor B\.rustup\toolchains\stable-x86_64-pc-windows-msvc\bin\rustc.exe --crate-name metao_kernel --edition=2021 metao-kernel\src\lib.rs --error-format=json --json=diagnostic-rendered-ansi,artifacts,future-incompat --crate-type lib --emit=dep-info,metadata,link -C embed-bitcode=no -C debuginfo=2 --check-cfg cfg(docsrs,test) --check-cfg "cfg(feature, values())" -C metadata=8063af36809cfa34 -C extra-filename=-a40e2e7ebf26b89a --out-dir C:\Users\IGORB~1\AppData\Local\Temp\cargo-mutants-rust-chassis-a-KAEUqx.tmp\target\debug\deps -C incremental=C:\Users\IGORB~1\AppData\Local\Temp\cargo-mutants-rust-chassis-a-KAEUqx.tmp\target\debug\incremental -L dependency=C:\Users\IGORB~1\AppData\Local\Temp\cargo-mutants-rust-chassis-a-KAEUqx.tmp\target\debug\deps --extern metao_contracts=C:\Users\IGORB~1\AppData\Local\Temp\cargo-mutants-rust-chassis-a-KAEUqx.tmp\target\debug\deps\libmetao_contracts-2f46a9e12d2edc35.rmeta`
       Fresh syn v3.0.4
       Fresh serde_json v1.0.151
       Fresh serde_derive v1.0.229
       Fresh serde v1.0.229
       Fresh metao-wire v0.0.0 (C:\Users\IGORB~1\AppData\Local\Temp\cargo-mutants-rust-chassis-a-KAEUqx.tmp\metao-wire)
     Running `C:\Users\Igor B\.rustup\toolchains\stable-x86_64-pc-windows-msvc\bin\rustc.exe --crate-name metao_kernel --edition=2021 metao-kernel\src\lib.rs --error-format=json --json=diagnostic-rendered-ansi,artifacts,future-incompat --emit=dep-info,link -C embed-bitcode=no -C debuginfo=2 --test --check-cfg cfg(docsrs,test) --check-cfg "cfg(feature, values())" -C metadata=3db362b8d7158fe1 -C extra-filename=-d9efad0534f7e869 --out-dir C:\Users\IGORB~1\AppData\Local\Temp\cargo-mutants-rust-chassis-a-KAEUqx.tmp\target\debug\deps -C incremental=C:\Users\IGORB~1\AppData\Local\Temp\cargo-mutants-rust-chassis-a-KAEUqx.tmp\target\debug\incremental -L dependency=C:\Users\IGORB~1\AppData\Local\Temp\cargo-mutants-rust-chassis-a-KAEUqx.tmp\target\debug\deps --extern metao_contracts=C:\Users\IGORB~1\AppData\Local\Temp\cargo-mutants-rust-chassis-a-KAEUqx.tmp\target\debug\deps\libmetao_contracts-2f46a9e12d2edc35.rlib`
warning: unused variable: `desired`
  --> metao-kernel\src\lib.rs:45:26
   |
45 | pub fn reconcile_missing(desired: &[RuntimeId], observed: &[RuntimeId]) -> Vec<RuntimeId> {
   |                          ^^^^^^^ help: if this is intentional, prefix it with an underscore: `_desired`
   |
   = note: `#[warn(unused_variables)]` (part of `#[warn(unused)]`) on by default

warning: unused variable: `observed`
  --> metao-kernel\src\lib.rs:45:49
   |
45 | pub fn reconcile_missing(desired: &[RuntimeId], observed: &[RuntimeId]) -> Vec<RuntimeId> {
   |                                                 ^^^^^^^^ help: if this is intentional, prefix it with an underscore: `_observed`

       Dirty metao-testkit v0.0.0 (C:\Users\IGORB~1\AppData\Local\Temp\cargo-mutants-rust-chassis-a-KAEUqx.tmp\metao-testkit): the dependency `metao-kernel` was rebuilt
   Compiling metao-testkit v0.0.0 (C:\Users\IGORB~1\AppData\Local\Temp\cargo-mutants-rust-chassis-a-KAEUqx.tmp\metao-testkit)
     Running `C:\Users\Igor B\.rustup\toolchains\stable-x86_64-pc-windows-msvc\bin\rustc.exe --crate-name metao_testkit --edition=2021 metao-testkit\src\lib.rs --error-format=json --json=diagnostic-rendered-ansi,artifacts,future-incompat --crate-type lib --emit=dep-info,metadata,link -C embed-bitcode=no -C debuginfo=2 --check-cfg cfg(docsrs,test) --check-cfg "cfg(feature, values())" -C metadata=ac1feb24395f8bb5 -C extra-filename=-e2ed2f3d49ec8132 --out-dir C:\Users\IGORB~1\AppData\Local\Temp\cargo-mutants-rust-chassis-a-KAEUqx.tmp\target\debug\deps -C incremental=C:\Users\IGORB~1\AppData\Local\Temp\cargo-mutants-rust-chassis-a-KAEUqx.tmp\target\debug\incremental -L dependency=C:\Users\IGORB~1\AppData\Local\Temp\cargo-mutants-rust-chassis-a-KAEUqx.tmp\target\debug\deps --extern metao_contracts=C:\Users\IGORB~1\AppData\Local\Temp\cargo-mutants-rust-chassis-a-KAEUqx.tmp\target\debug\deps\libmetao_contracts-2f46a9e12d2edc35.rmeta --extern metao_kernel=C:\Users\IGORB~1\AppData\Local\Temp\cargo-mutants-rust-chassis-a-KAEUqx.tmp\target\debug\deps\libmetao_kernel-a40e2e7ebf26b89a.rmeta --extern metao_registry=C:\Users\IGORB~1\AppData\Local\Temp\cargo-mutants-rust-chassis-a-KAEUqx.tmp\target\debug\deps\libmetao_registry-643a34d702e3604c.rmeta`
warning: `metao-kernel` (lib) generated 2 warnings (2 duplicates)
     Running `C:\Users\Igor B\.rustup\toolchains\stable-x86_64-pc-windows-msvc\bin\rustc.exe --crate-name metao_testkit --edition=2021 metao-testkit\src\lib.rs --error-format=json --json=diagnostic-rendered-ansi,artifacts,future-incompat --emit=dep-info,link -C embed-bitcode=no -C debuginfo=2 --test --check-cfg cfg(docsrs,test) --check-cfg "cfg(feature, values())" -C metadata=0539eabef6058b53 -C extra-filename=-43eab5b3a6ecb238 --out-dir C:\Users\IGORB~1\AppData\Local\Temp\cargo-mutants-rust-chassis-a-KAEUqx.tmp\target\debug\deps -C incremental=C:\Users\IGORB~1\AppData\Local\Temp\cargo-mutants-rust-chassis-a-KAEUqx.tmp\target\debug\incremental -L dependency=C:\Users\IGORB~1\AppData\Local\Temp\cargo-mutants-rust-chassis-a-KAEUqx.tmp\target\debug\deps --extern metao_contracts=C:\Users\IGORB~1\AppData\Local\Temp\cargo-mutants-rust-chassis-a-KAEUqx.tmp\target\debug\deps\libmetao_contracts-2f46a9e12d2edc35.rlib --extern metao_kernel=C:\Users\IGORB~1\AppData\Local\Temp\cargo-mutants-rust-chassis-a-KAEUqx.tmp\target\debug\deps\libmetao_kernel-a40e2e7ebf26b89a.rlib --extern metao_registry=C:\Users\IGORB~1\AppData\Local\Temp\cargo-mutants-rust-chassis-a-KAEUqx.tmp\target\debug\deps\libmetao_registry-643a34d702e3604c.rlib`
warning: `metao-kernel` (lib test) generated 2 warnings (run `cargo fix --lib -p metao-kernel --tests` to apply 2 suggestions)
     Running `C:\Users\Igor B\.rustup\toolchains\stable-x86_64-pc-windows-msvc\bin\rustc.exe --crate-name qualification --edition=2021 metao-testkit\tests\qualification.rs --error-format=json --json=diagnostic-rendered-ansi,artifacts,future-incompat --emit=dep-info,link -C embed-bitcode=no -C debuginfo=2 --test --check-cfg cfg(docsrs,test) --check-cfg "cfg(feature, values())" -C metadata=db513d631f70f5fe -C extra-filename=-e5efad604ea8365a --out-dir C:\Users\IGORB~1\AppData\Local\Temp\cargo-mutants-rust-chassis-a-KAEUqx.tmp\target\debug\deps -C incremental=C:\Users\IGORB~1\AppData\Local\Temp\cargo-mutants-rust-chassis-a-KAEUqx.tmp\target\debug\incremental -L dependency=C:\Users\IGORB~1\AppData\Local\Temp\cargo-mutants-rust-chassis-a-KAEUqx.tmp\target\debug\deps --extern metao_contracts=C:\Users\IGORB~1\AppData\Local\Temp\cargo-mutants-rust-chassis-a-KAEUqx.tmp\target\debug\deps\libmetao_contracts-2f46a9e12d2edc35.rlib --extern metao_kernel=C:\Users\IGORB~1\AppData\Local\Temp\cargo-mutants-rust-chassis-a-KAEUqx.tmp\target\debug\deps\libmetao_kernel-a40e2e7ebf26b89a.rlib --extern metao_registry=C:\Users\IGORB~1\AppData\Local\Temp\cargo-mutants-rust-chassis-a-KAEUqx.tmp\target\debug\deps\libmetao_registry-643a34d702e3604c.rlib --extern metao_testkit=C:\Users\IGORB~1\AppData\Local\Temp\cargo-mutants-rust-chassis-a-KAEUqx.tmp\target\debug\deps\libmetao_testkit-e2ed2f3d49ec8132.rlib`
    Finished `test` profile [unoptimized + debuginfo] target(s) in 3.59s
  Executable `C:\Users\IGORB~1\AppData\Local\Temp\cargo-mutants-rust-chassis-a-KAEUqx.tmp\target\debug\deps\metao_contracts-8f25e6b6f266c18c.exe`
  Executable `C:\Users\IGORB~1\AppData\Local\Temp\cargo-mutants-rust-chassis-a-KAEUqx.tmp\target\debug\deps\metao_kernel-d9efad0534f7e869.exe`
  Executable `C:\Users\IGORB~1\AppData\Local\Temp\cargo-mutants-rust-chassis-a-KAEUqx.tmp\target\debug\deps\metao_registry-e77873071df07843.exe`
  Executable `C:\Users\IGORB~1\AppData\Local\Temp\cargo-mutants-rust-chassis-a-KAEUqx.tmp\target\debug\deps\metao_testkit-43eab5b3a6ecb238.exe`
  Executable `C:\Users\IGORB~1\AppData\Local\Temp\cargo-mutants-rust-chassis-a-KAEUqx.tmp\target\debug\deps\qualification-e5efad604ea8365a.exe`
  Executable `C:\Users\IGORB~1\AppData\Local\Temp\cargo-mutants-rust-chassis-a-KAEUqx.tmp\target\debug\deps\metao_wire-524044db49b62174.exe`
  Executable `C:\Users\IGORB~1\AppData\Local\Temp\cargo-mutants-rust-chassis-a-KAEUqx.tmp\target\debug\deps\metao_wire_runtime-c66be4dba49471ae.exe`
  Executable `C:\Users\IGORB~1\AppData\Local\Temp\cargo-mutants-rust-chassis-a-KAEUqx.tmp\target\debug\deps\out_of_process-a42f1ab588f9896b.exe`

*** result: Success

*** C:\\Users\\Igor\ B\\.rustup\\toolchains\\stable-x86_64-pc-windows-msvc\\bin\\cargo.exe test --verbose --workspace
warning: failed to save last-use data
This may prevent cargo from accurately tracking what is being used in its global cache. This information is used for automatically removing unused data in the cache.

attempt to write a readonly database

Caused by:
  Error code 8: attempt to write a readonly database
       Fresh unicode-ident v1.0.24
       Fresh itoa v1.0.18
       Fresh memchr v2.8.3
       Fresh proc-macro2 v1.0.107
warning: unused variable: `desired`
  --> metao-kernel\src\lib.rs:45:26
   |
45 | pub fn reconcile_missing(desired: &[RuntimeId], observed: &[RuntimeId]) -> Vec<RuntimeId> {
   |                          ^^^^^^^ help: if this is intentional, prefix it with an underscore: `_desired`
   |
   = note: `#[warn(unused_variables)]` (part of `#[warn(unused)]`) on by default

warning: unused variable: `observed`
  --> metao-kernel\src\lib.rs:45:49
   |
45 | pub fn reconcile_missing(desired: &[RuntimeId], observed: &[RuntimeId]) -> Vec<RuntimeId> {
   |                                                 ^^^^^^^^ help: if this is intentional, prefix it with an underscore: `_observed`

warning: `metao-kernel` (lib) generated 2 warnings (run `cargo fix --lib -p metao-kernel` to apply 2 suggestions)
warning: `metao-kernel` (lib test) generated 2 warnings (2 duplicates)
       Fresh quote v1.0.47
       Fresh serde_core v1.0.229
       Fresh zmij v1.0.23
       Fresh metao-kernel v0.0.0 (C:\Users\IGORB~1\AppData\Local\Temp\cargo-mutants-rust-chassis-a-KAEUqx.tmp\metao-kernel)
       Fresh metao-registry v0.0.0 (C:\Users\IGORB~1\AppData\Local\Temp\cargo-mutants-rust-chassis-a-KAEUqx.tmp\metao-registry)
       Fresh metao-contracts v0.0.0 (C:\Users\IGORB~1\AppData\Local\Temp\cargo-mutants-rust-chassis-a-KAEUqx.tmp\metao-contracts)
       Fresh syn v3.0.4
       Fresh serde_json v1.0.151
       Fresh metao-testkit v0.0.0 (C:\Users\IGORB~1\AppData\Local\Temp\cargo-mutants-rust-chassis-a-KAEUqx.tmp\metao-testkit)
       Fresh serde_derive v1.0.229
       Fresh serde v1.0.229
       Fresh metao-wire v0.0.0 (C:\Users\IGORB~1\AppData\Local\Temp\cargo-mutants-rust-chassis-a-KAEUqx.tmp\metao-wire)
    Finished `test` profile [unoptimized + debuginfo] target(s) in 0.30s
     Running `C:\Users\IGORB~1\AppData\Local\Temp\cargo-mutants-rust-chassis-a-KAEUqx.tmp\target\debug\deps\metao_contracts-8f25e6b6f266c18c.exe`

running 0 tests

test result: ok. 0 passed; 0 failed; 0 ignored; 0 measured; 0 filtered out; finished in 0.00s

     Running `C:\Users\IGORB~1\AppData\Local\Temp\cargo-mutants-rust-chassis-a-KAEUqx.tmp\target\debug\deps\metao_kernel-d9efad0534f7e869.exe`

running 0 tests

test result: ok. 0 passed; 0 failed; 0 ignored; 0 measured; 0 filtered out; finished in 0.00s

     Running `C:\Users\IGORB~1\AppData\Local\Temp\cargo-mutants-rust-chassis-a-KAEUqx.tmp\target\debug\deps\metao_registry-e77873071df07843.exe`

running 0 tests

test result: ok. 0 passed; 0 failed; 0 ignored; 0 measured; 0 filtered out; finished in 0.00s

     Running `C:\Users\IGORB~1\AppData\Local\Temp\cargo-mutants-rust-chassis-a-KAEUqx.tmp\target\debug\deps\metao_testkit-43eab5b3a6ecb238.exe`

running 0 tests

test result: ok. 0 passed; 0 failed; 0 ignored; 0 measured; 0 filtered out; finished in 0.00s

     Running `C:\Users\IGORB~1\AppData\Local\Temp\cargo-mutants-rust-chassis-a-KAEUqx.tmp\target\debug\deps\qualification-e5efad604ea8365a.exe`

running 14 tests
test acceptance_boundary_epochs_match_python_oracle ... ok
test acceptance_binding_requires_exact_runtime_and_result_alignment ... ok
test acceptance_hard_gates_match_python_baseline ... ok
test exhaustive_small_reconcile_state_space_satisfies_laws ... ok
test failed_execution_never_accepts_and_panic_is_contained ... ok
test adversarial_evidence_binding_matrix_only_accepts_exact_verified_binding ... ok
test duplicate_and_version_conflict_fail_deterministically ... ok
test invalid_identity_construction_is_rejected_by_public_api ... ok
test kernel_is_platform_framework_and_unsafe_free ... ok
test replays_python_golden_fixture_outcomes ... ok
test reconciliation_is_idempotent_and_deterministic ... FAILED
test unregister_reports_presence_and_removal ... ok
test whole_orchestrator_replacement_changes_no_kernel_contract ... ok
test fault_injection_endurance_slice_contains_failure_and_recovers ... ok

failures:

---- reconciliation_is_idempotent_and_deterministic stdout ----

thread 'reconciliation_is_idempotent_and_deterministic' (3400) panicked at metao-testkit\tests\qualification.rs:559:5:
assertion `left == right` failed
  left: []
 right: [RuntimeId("beta")]


failures:
    reconciliation_is_idempotent_and_deterministic

test result: FAILED. 13 passed; 1 failed; 0 ignored; 0 measured; 0 filtered out; finished in 0.96s

error: test failed, to rerun pass `-p metao-testkit --test qualification`

*** result: Failure(101)
