
*** metao-kernel/src/lib.rs:28:34: replace != with == in evaluate_acceptance

*** mutation diff:
--- metao-kernel/src/lib.rs
+++ replace != with == in evaluate_acceptance
@@ -20,17 +20,17 @@
 
     let Some(evidence) = evidence else {
         return AcceptanceDecision::NotDone;
     };
 
     if !evidence.verified
         || evidence.mission_id != request.mission_id
         || evidence.execution_id != request.execution_id
-        || evidence.execution_id != result.execution_id
+        || evidence.execution_id == /* ~ changed by cargo-mutants ~ */ result.execution_id
         || evidence.runtime_id != result.runtime_id
     {
         return AcceptanceDecision::Block;
     }
 
     if now_epoch < evidence.created_at_epoch {
         return AcceptanceDecision::Block;
     }


*** C:\\Users\\Igor\ B\\.rustup\\toolchains\\stable-x86_64-pc-windows-msvc\\bin\\cargo.exe test --no-run --verbose --package=metao-kernel@0.0.0
warning: failed to save last-use data
This may prevent cargo from accurately tracking what is being used in its global cache. This information is used for automatically removing unused data in the cache.

attempt to write a readonly database

Caused by:
  Error code 8: attempt to write a readonly database
       Fresh metao-contracts v0.0.0 (C:\Users\IGORB~1\AppData\Local\Temp\cargo-mutants-rust-chassis-a-DKWO5T.tmp\metao-contracts)
       Dirty metao-kernel v0.0.0 (C:\Users\IGORB~1\AppData\Local\Temp\cargo-mutants-rust-chassis-a-DKWO5T.tmp\metao-kernel): the file `metao-kernel\src\lib.rs` has changed (13432349449.484596800s, 1s after last build at 13432349448.123547600s)
   Compiling metao-kernel v0.0.0 (C:\Users\IGORB~1\AppData\Local\Temp\cargo-mutants-rust-chassis-a-DKWO5T.tmp\metao-kernel)
     Running `C:\Users\Igor B\.rustup\toolchains\stable-x86_64-pc-windows-msvc\bin\rustc.exe --crate-name metao_kernel --edition=2021 metao-kernel\src\lib.rs --error-format=json --json=diagnostic-rendered-ansi,artifacts,future-incompat --emit=dep-info,link -C embed-bitcode=no -C debuginfo=2 --test --check-cfg cfg(docsrs,test) --check-cfg "cfg(feature, values())" -C metadata=3db362b8d7158fe1 -C extra-filename=-d9efad0534f7e869 --out-dir C:\Users\IGORB~1\AppData\Local\Temp\cargo-mutants-rust-chassis-a-DKWO5T.tmp\target\debug\deps -C incremental=C:\Users\IGORB~1\AppData\Local\Temp\cargo-mutants-rust-chassis-a-DKWO5T.tmp\target\debug\incremental -L dependency=C:\Users\IGORB~1\AppData\Local\Temp\cargo-mutants-rust-chassis-a-DKWO5T.tmp\target\debug\deps --extern metao_contracts=C:\Users\IGORB~1\AppData\Local\Temp\cargo-mutants-rust-chassis-a-DKWO5T.tmp\target\debug\deps\libmetao_contracts-2f46a9e12d2edc35.rlib`
     Running `C:\Users\Igor B\.rustup\toolchains\stable-x86_64-pc-windows-msvc\bin\rustc.exe --crate-name metao_kernel --edition=2021 metao-kernel\src\lib.rs --error-format=json --json=diagnostic-rendered-ansi,artifacts,future-incompat --crate-type lib --emit=dep-info,metadata,link -C embed-bitcode=no -C debuginfo=2 --check-cfg cfg(docsrs,test) --check-cfg "cfg(feature, values())" -C metadata=8063af36809cfa34 -C extra-filename=-a40e2e7ebf26b89a --out-dir C:\Users\IGORB~1\AppData\Local\Temp\cargo-mutants-rust-chassis-a-DKWO5T.tmp\target\debug\deps -C incremental=C:\Users\IGORB~1\AppData\Local\Temp\cargo-mutants-rust-chassis-a-DKWO5T.tmp\target\debug\incremental -L dependency=C:\Users\IGORB~1\AppData\Local\Temp\cargo-mutants-rust-chassis-a-DKWO5T.tmp\target\debug\deps --extern metao_contracts=C:\Users\IGORB~1\AppData\Local\Temp\cargo-mutants-rust-chassis-a-DKWO5T.tmp\target\debug\deps\libmetao_contracts-2f46a9e12d2edc35.rmeta`
    Finished `test` profile [unoptimized + debuginfo] target(s) in 0.55s
  Executable `C:\Users\IGORB~1\AppData\Local\Temp\cargo-mutants-rust-chassis-a-DKWO5T.tmp\target\debug\deps\metao_kernel-d9efad0534f7e869.exe`

*** result: Success

*** C:\\Users\\Igor\ B\\.rustup\\toolchains\\stable-x86_64-pc-windows-msvc\\bin\\cargo.exe test --verbose --package=metao-kernel@0.0.0
warning: failed to save last-use data
This may prevent cargo from accurately tracking what is being used in its global cache. This information is used for automatically removing unused data in the cache.

attempt to write a readonly database

Caused by:
  Error code 8: attempt to write a readonly database
       Fresh metao-contracts v0.0.0 (C:\Users\IGORB~1\AppData\Local\Temp\cargo-mutants-rust-chassis-a-DKWO5T.tmp\metao-contracts)
       Fresh metao-kernel v0.0.0 (C:\Users\IGORB~1\AppData\Local\Temp\cargo-mutants-rust-chassis-a-DKWO5T.tmp\metao-kernel)
    Finished `test` profile [unoptimized + debuginfo] target(s) in 0.05s
     Running `C:\Users\IGORB~1\AppData\Local\Temp\cargo-mutants-rust-chassis-a-DKWO5T.tmp\target\debug\deps\metao_kernel-d9efad0534f7e869.exe`

running 1 test
test tests::unverified_evidence_with_exact_binding_is_blocked ... ok

test result: ok. 1 passed; 0 failed; 0 ignored; 0 measured; 0 filtered out; finished in 0.00s

   Doc-tests metao_kernel
     Running `C:\Users\Igor B\.rustup\toolchains\stable-x86_64-pc-windows-msvc\bin\rustdoc.exe --edition=2021 --crate-type lib --color auto --crate-name metao_kernel --test metao-kernel\src\lib.rs --test-run-directory C:\Users\IGORB~1\AppData\Local\Temp\cargo-mutants-rust-chassis-a-DKWO5T.tmp\metao-kernel --extern metao_contracts=C:\Users\IGORB~1\AppData\Local\Temp\cargo-mutants-rust-chassis-a-DKWO5T.tmp\target\debug\deps\libmetao_contracts-2f46a9e12d2edc35.rlib --extern metao_kernel=C:\Users\IGORB~1\AppData\Local\Temp\cargo-mutants-rust-chassis-a-DKWO5T.tmp\target\debug\deps\libmetao_kernel-a40e2e7ebf26b89a.rlib -L dependency=C:\Users\IGORB~1\AppData\Local\Temp\cargo-mutants-rust-chassis-a-DKWO5T.tmp\target\debug\deps -C embed-bitcode=no --check-cfg cfg(docsrs,test) --check-cfg "cfg(feature, values())" --error-format human`

running 0 tests

test result: ok. 0 passed; 0 failed; 0 ignored; 0 measured; 0 filtered out; finished in 0.00s


*** result: Success
