
*** metao-kernel/src/lib.rs:17:8: delete ! in evaluate_acceptance

*** mutation diff:
--- metao-kernel/src/lib.rs
+++ delete ! in evaluate_acceptance
@@ -9,17 +9,17 @@
     evidence: Option<&Evidence>,
     policy: PolicyEffect,
     now_epoch: i64,
 ) -> AcceptanceDecision {
     if matches!(policy, PolicyEffect::Deny) {
         return AcceptanceDecision::Block;
     }
 
-    if !matches!(result.status, ExecutionStatus::Succeeded) {
+    if  /* ~ changed by cargo-mutants ~ */matches!(result.status, ExecutionStatus::Succeeded) {
         return AcceptanceDecision::NotDone;
     }
 
     let Some(evidence) = evidence else {
         return AcceptanceDecision::NotDone;
     };
 
     if !evidence.verified


*** C:\\Users\\Igor\ B\\.rustup\\toolchains\\stable-x86_64-pc-windows-msvc\\bin\\cargo.exe test --no-run --verbose --package=metao-kernel@0.0.0
warning: failed to save last-use data
This may prevent cargo from accurately tracking what is being used in its global cache. This information is used for automatically removing unused data in the cache.

attempt to write a readonly database

Caused by:
  Error code 8: attempt to write a readonly database
       Fresh metao-contracts v0.0.0 (C:\Users\IGORB~1\AppData\Local\Temp\cargo-mutants-rust-chassis-a-DKWO5T.tmp\metao-contracts)
       Dirty metao-kernel v0.0.0 (C:\Users\IGORB~1\AppData\Local\Temp\cargo-mutants-rust-chassis-a-DKWO5T.tmp\metao-kernel): couldn't read metadata for file `target\debug\deps\libmetao_kernel-a40e2e7ebf26b89a.rlib`
   Compiling metao-kernel v0.0.0 (C:\Users\IGORB~1\AppData\Local\Temp\cargo-mutants-rust-chassis-a-DKWO5T.tmp\metao-kernel)
     Running `C:\Users\Igor B\.rustup\toolchains\stable-x86_64-pc-windows-msvc\bin\rustc.exe --crate-name metao_kernel --edition=2021 metao-kernel\src\lib.rs --error-format=json --json=diagnostic-rendered-ansi,artifacts,future-incompat --crate-type lib --emit=dep-info,metadata,link -C embed-bitcode=no -C debuginfo=2 --check-cfg cfg(docsrs,test) --check-cfg "cfg(feature, values())" -C metadata=8063af36809cfa34 -C extra-filename=-a40e2e7ebf26b89a --out-dir C:\Users\IGORB~1\AppData\Local\Temp\cargo-mutants-rust-chassis-a-DKWO5T.tmp\target\debug\deps -C incremental=C:\Users\IGORB~1\AppData\Local\Temp\cargo-mutants-rust-chassis-a-DKWO5T.tmp\target\debug\incremental -L dependency=C:\Users\IGORB~1\AppData\Local\Temp\cargo-mutants-rust-chassis-a-DKWO5T.tmp\target\debug\deps --extern metao_contracts=C:\Users\IGORB~1\AppData\Local\Temp\cargo-mutants-rust-chassis-a-DKWO5T.tmp\target\debug\deps\libmetao_contracts-2f46a9e12d2edc35.rmeta`
     Running `C:\Users\Igor B\.rustup\toolchains\stable-x86_64-pc-windows-msvc\bin\rustc.exe --crate-name metao_kernel --edition=2021 metao-kernel\src\lib.rs --error-format=json --json=diagnostic-rendered-ansi,artifacts,future-incompat --emit=dep-info,link -C embed-bitcode=no -C debuginfo=2 --test --check-cfg cfg(docsrs,test) --check-cfg "cfg(feature, values())" -C metadata=3db362b8d7158fe1 -C extra-filename=-d9efad0534f7e869 --out-dir C:\Users\IGORB~1\AppData\Local\Temp\cargo-mutants-rust-chassis-a-DKWO5T.tmp\target\debug\deps -C incremental=C:\Users\IGORB~1\AppData\Local\Temp\cargo-mutants-rust-chassis-a-DKWO5T.tmp\target\debug\incremental -L dependency=C:\Users\IGORB~1\AppData\Local\Temp\cargo-mutants-rust-chassis-a-DKWO5T.tmp\target\debug\deps --extern metao_contracts=C:\Users\IGORB~1\AppData\Local\Temp\cargo-mutants-rust-chassis-a-DKWO5T.tmp\target\debug\deps\libmetao_contracts-2f46a9e12d2edc35.rlib`
    Finished `test` profile [unoptimized + debuginfo] target(s) in 0.53s
  Executable `C:\Users\IGORB~1\AppData\Local\Temp\cargo-mutants-rust-chassis-a-DKWO5T.tmp\target\debug\deps\metao_kernel-d9efad0534f7e869.exe`

*** result: Success

*** C:\\Users\\Igor\ B\\.rustup\\toolchains\\stable-x86_64-pc-windows-msvc\\bin\\cargo.exe test --verbose --package=metao-kernel@0.0.0
warning: failed to save last-use data
This may prevent cargo from accurately tracking what is being used in its global cache. This information is used for automatically removing unused data in the cache.

attempt to write a readonly database

Caused by:
  Error code 8: attempt to write a readonly database
       Fresh metao-contracts v0.0.0 (C:\Users\IGORB~1\AppData\Local\Temp\cargo-mutants-rust-chassis-a-DKWO5T.tmp\metao-contracts)
       Fresh metao-kernel v0.0.0 (C:\Users\IGORB~1\AppData\Local\Temp\cargo-mutants-rust-chassis-a-DKWO5T.tmp\metao-kernel)
    Finished `test` profile [unoptimized + debuginfo] target(s) in 0.06s
     Running `C:\Users\IGORB~1\AppData\Local\Temp\cargo-mutants-rust-chassis-a-DKWO5T.tmp\target\debug\deps\metao_kernel-d9efad0534f7e869.exe`

running 1 test
test tests::unverified_evidence_with_exact_binding_is_blocked ... FAILED

failures:

---- tests::unverified_evidence_with_exact_binding_is_blocked stdout ----

thread 'tests::unverified_evidence_with_exact_binding_is_blocked' (15276) panicked at metao-kernel\src\lib.rs:93:9:
assertion `left == right` failed
  left: NotDone
 right: Block
note: run with `RUST_BACKTRACE=1` environment variable to display a backtrace


failures:
    tests::unverified_evidence_with_exact_binding_is_blocked

test result: FAILED. 0 passed; 1 failed; 0 ignored; 0 measured; 0 filtered out; finished in 0.00s

error: test failed, to rerun pass `-p metao-kernel --lib`

*** result: Failure(101)
