
*** metao-kernel/src/lib.rs:13:5: replace evaluate_acceptance -> AcceptanceDecision with Default::default()

*** mutation diff:
--- metao-kernel/src/lib.rs
+++ replace evaluate_acceptance -> AcceptanceDecision with Default::default()
@@ -5,46 +5,17 @@
 
 pub fn evaluate_acceptance(
     request: &ExecutionRequest,
     result: &ExecutionResult,
     evidence: Option<&Evidence>,
     policy: PolicyEffect,
     now_epoch: i64,
 ) -> AcceptanceDecision {
-    if matches!(policy, PolicyEffect::Deny) {
-        return AcceptanceDecision::Block;
-    }
-
-    if !matches!(result.status, ExecutionStatus::Succeeded) {
-        return AcceptanceDecision::NotDone;
-    }
-
-    let Some(evidence) = evidence else {
-        return AcceptanceDecision::NotDone;
-    };
-
-    if !evidence.verified
-        || evidence.mission_id != request.mission_id
-        || evidence.execution_id != request.execution_id
-        || evidence.execution_id != result.execution_id
-        || evidence.runtime_id != result.runtime_id
-    {
-        return AcceptanceDecision::Block;
-    }
-
-    if now_epoch < evidence.created_at_epoch {
-        return AcceptanceDecision::Block;
-    }
-
-    if now_epoch > evidence.expires_at_epoch {
-        return AcceptanceDecision::Stale;
-    }
-
-    AcceptanceDecision::Accept
+    Default::default() /* ~ changed by cargo-mutants ~ */
 }
 
 pub fn reconcile_missing(desired: &[RuntimeId], observed: &[RuntimeId]) -> Vec<RuntimeId> {
     let mut missing: Vec<_> = desired
         .iter()
         .filter(|runtime| !observed.contains(runtime))
         .cloned()
         .collect();


*** C:\\Users\\Igor\ B\\.rustup\\toolchains\\stable-x86_64-pc-windows-msvc\\bin\\cargo.exe test --no-run --verbose --package=metao-kernel@0.0.0
warning: failed to save last-use data
This may prevent cargo from accurately tracking what is being used in its global cache. This information is used for automatically removing unused data in the cache.

attempt to write a readonly database

Caused by:
  Error code 8: attempt to write a readonly database
       Fresh metao-contracts v0.0.0 (C:\Users\IGORB~1\AppData\Local\Temp\cargo-mutants-rust-chassis-a-DKWO5T.tmp\metao-contracts)
       Dirty metao-kernel v0.0.0 (C:\Users\IGORB~1\AppData\Local\Temp\cargo-mutants-rust-chassis-a-DKWO5T.tmp\metao-kernel): the file `metao-kernel\src\lib.rs` has changed (13432349437.626020600s, 1s after last build at 13432349436.066616200s)
   Compiling metao-kernel v0.0.0 (C:\Users\IGORB~1\AppData\Local\Temp\cargo-mutants-rust-chassis-a-DKWO5T.tmp\metao-kernel)
     Running `C:\Users\Igor B\.rustup\toolchains\stable-x86_64-pc-windows-msvc\bin\rustc.exe --crate-name metao_kernel --edition=2021 metao-kernel\src\lib.rs --error-format=json --json=diagnostic-rendered-ansi,artifacts,future-incompat --emit=dep-info,link -C embed-bitcode=no -C debuginfo=2 --test --check-cfg cfg(docsrs,test) --check-cfg "cfg(feature, values())" -C metadata=3db362b8d7158fe1 -C extra-filename=-d9efad0534f7e869 --out-dir C:\Users\IGORB~1\AppData\Local\Temp\cargo-mutants-rust-chassis-a-DKWO5T.tmp\target\debug\deps -C incremental=C:\Users\IGORB~1\AppData\Local\Temp\cargo-mutants-rust-chassis-a-DKWO5T.tmp\target\debug\incremental -L dependency=C:\Users\IGORB~1\AppData\Local\Temp\cargo-mutants-rust-chassis-a-DKWO5T.tmp\target\debug\deps --extern metao_contracts=C:\Users\IGORB~1\AppData\Local\Temp\cargo-mutants-rust-chassis-a-DKWO5T.tmp\target\debug\deps\libmetao_contracts-2f46a9e12d2edc35.rlib`
     Running `C:\Users\Igor B\.rustup\toolchains\stable-x86_64-pc-windows-msvc\bin\rustc.exe --crate-name metao_kernel --edition=2021 metao-kernel\src\lib.rs --error-format=json --json=diagnostic-rendered-ansi,artifacts,future-incompat --crate-type lib --emit=dep-info,metadata,link -C embed-bitcode=no -C debuginfo=2 --check-cfg cfg(docsrs,test) --check-cfg "cfg(feature, values())" -C metadata=8063af36809cfa34 -C extra-filename=-a40e2e7ebf26b89a --out-dir C:\Users\IGORB~1\AppData\Local\Temp\cargo-mutants-rust-chassis-a-DKWO5T.tmp\target\debug\deps -C incremental=C:\Users\IGORB~1\AppData\Local\Temp\cargo-mutants-rust-chassis-a-DKWO5T.tmp\target\debug\incremental -L dependency=C:\Users\IGORB~1\AppData\Local\Temp\cargo-mutants-rust-chassis-a-DKWO5T.tmp\target\debug\deps --extern metao_contracts=C:\Users\IGORB~1\AppData\Local\Temp\cargo-mutants-rust-chassis-a-DKWO5T.tmp\target\debug\deps\libmetao_contracts-2f46a9e12d2edc35.rmeta`
warning: unused import: `ExecutionStatus`
 --> metao-kernel\src\lib.rs:2:70
  |
2 |     AcceptanceDecision, Evidence, ExecutionRequest, ExecutionResult, ExecutionStatus, PolicyEffect,
  |                                                                      ^^^^^^^^^^^^^^^
  |
  = note: `#[warn(unused_imports)]` (part of `#[warn(unused)]`) on by default

error[E0277]: the trait bound `AcceptanceDecision: Default` is not satisfied
  --> metao-kernel\src\lib.rs:13:5
   |
13 |     Default::default() /* ~ changed by cargo-mutants ~ */
   |     ^^^^^^^^^^^^^^^^^^ the trait `Default` is not implemented for `AcceptanceDecision`

error[E0277]: the trait bound `metao_contracts::AcceptanceDecision: Default` is not satisfied
  --> metao-kernel\src\lib.rs:13:5
   |
13 |     Default::default() /* ~ changed by cargo-mutants ~ */
   |     ^^^^^^^^^^^^^^^^^^ the trait `Default` is not implemented for `metao_contracts::AcceptanceDecision`

For more information about this error, try `rustc --explain E0277`.
warning: `metao-kernel` (lib) generated 1 warning
error: could not compile `metao-kernel` (lib) due to 1 previous error; 1 warning emitted

Caused by:
  process didn't exit successfully: `C:\Users\Igor B\.rustup\toolchains\stable-x86_64-pc-windows-msvc\bin\rustc.exe --crate-name metao_kernel --edition=2021 metao-kernel\src\lib.rs --error-format=json --json=diagnostic-rendered-ansi,artifacts,future-incompat --crate-type lib --emit=dep-info,metadata,link -C embed-bitcode=no -C debuginfo=2 --check-cfg cfg(docsrs,test) --check-cfg "cfg(feature, values())" -C metadata=8063af36809cfa34 -C extra-filename=-a40e2e7ebf26b89a --out-dir C:\Users\IGORB~1\AppData\Local\Temp\cargo-mutants-rust-chassis-a-DKWO5T.tmp\target\debug\deps -C incremental=C:\Users\IGORB~1\AppData\Local\Temp\cargo-mutants-rust-chassis-a-DKWO5T.tmp\target\debug\incremental -L dependency=C:\Users\IGORB~1\AppData\Local\Temp\cargo-mutants-rust-chassis-a-DKWO5T.tmp\target\debug\deps --extern metao_contracts=C:\Users\IGORB~1\AppData\Local\Temp\cargo-mutants-rust-chassis-a-DKWO5T.tmp\target\debug\deps\libmetao_contracts-2f46a9e12d2edc35.rmeta` (exit code: 1)
warning: build failed, waiting for other jobs to finish...
error: could not compile `metao-kernel` (lib test) due to 1 previous error

Caused by:
  process didn't exit successfully: `C:\Users\Igor B\.rustup\toolchains\stable-x86_64-pc-windows-msvc\bin\rustc.exe --crate-name metao_kernel --edition=2021 metao-kernel\src\lib.rs --error-format=json --json=diagnostic-rendered-ansi,artifacts,future-incompat --emit=dep-info,link -C embed-bitcode=no -C debuginfo=2 --test --check-cfg cfg(docsrs,test) --check-cfg "cfg(feature, values())" -C metadata=3db362b8d7158fe1 -C extra-filename=-d9efad0534f7e869 --out-dir C:\Users\IGORB~1\AppData\Local\Temp\cargo-mutants-rust-chassis-a-DKWO5T.tmp\target\debug\deps -C incremental=C:\Users\IGORB~1\AppData\Local\Temp\cargo-mutants-rust-chassis-a-DKWO5T.tmp\target\debug\incremental -L dependency=C:\Users\IGORB~1\AppData\Local\Temp\cargo-mutants-rust-chassis-a-DKWO5T.tmp\target\debug\deps --extern metao_contracts=C:\Users\IGORB~1\AppData\Local\Temp\cargo-mutants-rust-chassis-a-DKWO5T.tmp\target\debug\deps\libmetao_contracts-2f46a9e12d2edc35.rlib` (exit code: 1)

*** result: Failure(101)
