
*** metao-kernel/src/lib.rs:46:5: replace reconcile_missing -> Vec<RuntimeId> with vec![]

*** mutation diff:
--- metao-kernel/src/lib.rs
+++ replace reconcile_missing -> Vec<RuntimeId> with vec![]
@@ -38,24 +38,17 @@
     if now_epoch > evidence.expires_at_epoch {
         return AcceptanceDecision::Stale;
     }
 
     AcceptanceDecision::Accept
 }
 
 pub fn reconcile_missing(desired: &[RuntimeId], observed: &[RuntimeId]) -> Vec<RuntimeId> {
-    let mut missing: Vec<_> = desired
-        .iter()
-        .filter(|runtime| !observed.contains(runtime))
-        .cloned()
-        .collect();
-    missing.sort();
-    missing.dedup();
-    missing
+    vec![] /* ~ changed by cargo-mutants ~ */
 }
 
 #[cfg(test)]
 mod tests {
     use super::*;
 
     fn mission_id(value: &str) -> metao_contracts::MissionId {
         metao_contracts::MissionId::new(value).unwrap()


*** C:\\Users\\Igor\ B\\.rustup\\toolchains\\stable-x86_64-pc-windows-msvc\\bin\\cargo.exe test --no-run --verbose --package=metao-kernel@0.0.0
warning: failed to save last-use data
This may prevent cargo from accurately tracking what is being used in its global cache. This information is used for automatically removing unused data in the cache.

attempt to write a readonly database

Caused by:
  Error code 8: attempt to write a readonly database
       Fresh metao-contracts v0.0.0 (C:\Users\IGORB~1\AppData\Local\Temp\cargo-mutants-rust-chassis-a-DKWO5T.tmp\metao-contracts)
       Dirty metao-kernel v0.0.0 (C:\Users\IGORB~1\AppData\Local\Temp\cargo-mutants-rust-chassis-a-DKWO5T.tmp\metao-kernel): the file `metao-kernel\src\lib.rs` has changed (13432349465.924499500s, 2s after last build at 13432349463.208953600s)
   Compiling metao-kernel v0.0.0 (C:\Users\IGORB~1\AppData\Local\Temp\cargo-mutants-rust-chassis-a-DKWO5T.tmp\metao-kernel)
     Running `C:\Users\Igor B\.rustup\toolchains\stable-x86_64-pc-windows-msvc\bin\rustc.exe --crate-name metao_kernel --edition=2021 metao-kernel\src\lib.rs --error-format=json --json=diagnostic-rendered-ansi,artifacts,future-incompat --emit=dep-info,link -C embed-bitcode=no -C debuginfo=2 --test --check-cfg cfg(docsrs,test) --check-cfg "cfg(feature, values())" -C metadata=3db362b8d7158fe1 -C extra-filename=-d9efad0534f7e869 --out-dir C:\Users\IGORB~1\AppData\Local\Temp\cargo-mutants-rust-chassis-a-DKWO5T.tmp\target\debug\deps -C incremental=C:\Users\IGORB~1\AppData\Local\Temp\cargo-mutants-rust-chassis-a-DKWO5T.tmp\target\debug\incremental -L dependency=C:\Users\IGORB~1\AppData\Local\Temp\cargo-mutants-rust-chassis-a-DKWO5T.tmp\target\debug\deps --extern metao_contracts=C:\Users\IGORB~1\AppData\Local\Temp\cargo-mutants-rust-chassis-a-DKWO5T.tmp\target\debug\deps\libmetao_contracts-2f46a9e12d2edc35.rlib`
     Running `C:\Users\Igor B\.rustup\toolchains\stable-x86_64-pc-windows-msvc\bin\rustc.exe --crate-name metao_kernel --edition=2021 metao-kernel\src\lib.rs --error-format=json --json=diagnostic-rendered-ansi,artifacts,future-incompat --crate-type lib --emit=dep-info,metadata,link -C embed-bitcode=no -C debuginfo=2 --check-cfg cfg(docsrs,test) --check-cfg "cfg(feature, values())" -C metadata=8063af36809cfa34 -C extra-filename=-a40e2e7ebf26b89a --out-dir C:\Users\IGORB~1\AppData\Local\Temp\cargo-mutants-rust-chassis-a-DKWO5T.tmp\target\debug\deps -C incremental=C:\Users\IGORB~1\AppData\Local\Temp\cargo-mutants-rust-chassis-a-DKWO5T.tmp\target\debug\incremental -L dependency=C:\Users\IGORB~1\AppData\Local\Temp\cargo-mutants-rust-chassis-a-DKWO5T.tmp\target\debug\deps --extern metao_contracts=C:\Users\IGORB~1\AppData\Local\Temp\cargo-mutants-rust-chassis-a-DKWO5T.tmp\target\debug\deps\libmetao_contracts-2f46a9e12d2edc35.rmeta`
warning: unused variable: `desired`
  --> metao-kernel\src\lib.rs:45:26
   |
45 | pub fn reconcile_missing(desired: &[RuntimeId], observed: &[RuntimeId]) -> Vec<RuntimeId> {
   |                          ^^^^^^^ help: if this is intentional, prefix it with an underscore: `_desired`
   |
   = note: `#[warn(unused_variables)]` (part of `#[warn(unused)]`) on by default

warning: unused variable: `observed`
  --> metao-kernel\src\lib.rs:45:49
   |
45 | pub fn reconcile_missing(desired: &[RuntimeId], observed: &[RuntimeId]) -> Vec<RuntimeId> {
   |                                                 ^^^^^^^^ help: if this is intentional, prefix it with an underscore: `_observed`

warning: `metao-kernel` (lib) generated 2 warnings (1 duplicate) (run `cargo fix --lib -p metao-kernel` to apply 1 suggestion)
warning: `metao-kernel` (lib test) generated 2 warnings (1 duplicate) (run `cargo fix --lib -p metao-kernel --tests` to apply 1 suggestion)
    Finished `test` profile [unoptimized + debuginfo] target(s) in 0.90s
  Executable `C:\Users\IGORB~1\AppData\Local\Temp\cargo-mutants-rust-chassis-a-DKWO5T.tmp\target\debug\deps\metao_kernel-d9efad0534f7e869.exe`

*** result: Success

*** C:\\Users\\Igor\ B\\.rustup\\toolchains\\stable-x86_64-pc-windows-msvc\\bin\\cargo.exe test --verbose --package=metao-kernel@0.0.0
warning: failed to save last-use data
This may prevent cargo from accurately tracking what is being used in its global cache. This information is used for automatically removing unused data in the cache.

attempt to write a readonly database

Caused by:
  Error code 8: attempt to write a readonly database
       Fresh metao-contracts v0.0.0 (C:\Users\IGORB~1\AppData\Local\Temp\cargo-mutants-rust-chassis-a-DKWO5T.tmp\metao-contracts)
warning: unused variable: `desired`
  --> metao-kernel\src\lib.rs:45:26
   |
45 | pub fn reconcile_missing(desired: &[RuntimeId], observed: &[RuntimeId]) -> Vec<RuntimeId> {
   |                          ^^^^^^^ help: if this is intentional, prefix it with an underscore: `_desired`
   |
   = note: `#[warn(unused_variables)]` (part of `#[warn(unused)]`) on by default

warning: unused variable: `observed`
  --> metao-kernel\src\lib.rs:45:49
   |
45 | pub fn reconcile_missing(desired: &[RuntimeId], observed: &[RuntimeId]) -> Vec<RuntimeId> {
   |                                                 ^^^^^^^^ help: if this is intentional, prefix it with an underscore: `_observed`

warning: `metao-kernel` (lib) generated 2 warnings (run `cargo fix --lib -p metao-kernel` to apply 2 suggestions)
       Fresh metao-kernel v0.0.0 (C:\Users\IGORB~1\AppData\Local\Temp\cargo-mutants-rust-chassis-a-DKWO5T.tmp\metao-kernel)
warning: `metao-kernel` (lib test) generated 2 warnings (2 duplicates)
    Finished `test` profile [unoptimized + debuginfo] target(s) in 0.05s
     Running `C:\Users\IGORB~1\AppData\Local\Temp\cargo-mutants-rust-chassis-a-DKWO5T.tmp\target\debug\deps\metao_kernel-d9efad0534f7e869.exe`

running 1 test
test tests::unverified_evidence_with_exact_binding_is_blocked ... ok

test result: ok. 1 passed; 0 failed; 0 ignored; 0 measured; 0 filtered out; finished in 0.00s

   Doc-tests metao_kernel
     Running `C:\Users\Igor B\.rustup\toolchains\stable-x86_64-pc-windows-msvc\bin\rustdoc.exe --edition=2021 --crate-type lib --color auto --crate-name metao_kernel --test metao-kernel\src\lib.rs --test-run-directory C:\Users\IGORB~1\AppData\Local\Temp\cargo-mutants-rust-chassis-a-DKWO5T.tmp\metao-kernel --extern metao_contracts=C:\Users\IGORB~1\AppData\Local\Temp\cargo-mutants-rust-chassis-a-DKWO5T.tmp\target\debug\deps\libmetao_contracts-2f46a9e12d2edc35.rlib --extern metao_kernel=C:\Users\IGORB~1\AppData\Local\Temp\cargo-mutants-rust-chassis-a-DKWO5T.tmp\target\debug\deps\libmetao_kernel-a40e2e7ebf26b89a.rlib -L dependency=C:\Users\IGORB~1\AppData\Local\Temp\cargo-mutants-rust-chassis-a-DKWO5T.tmp\target\debug\deps -C embed-bitcode=no --check-cfg cfg(docsrs,test) --check-cfg "cfg(feature, values())" --error-format human`

running 0 tests

test result: ok. 0 passed; 0 failed; 0 ignored; 0 measured; 0 filtered out; finished in 0.00s


*** result: Success
