
*** metao-kernel/src/lib.rs:25:8: delete ! in evaluate_acceptance

*** mutation diff:
--- metao-kernel/src/lib.rs
+++ delete ! in evaluate_acceptance
@@ -17,17 +17,17 @@
     if !matches!(result.status, ExecutionStatus::Succeeded) {
         return AcceptanceDecision::NotDone;
     }
 
     let Some(evidence) = evidence else {
         return AcceptanceDecision::NotDone;
     };
 
-    if !evidence.verified
+    if  /* ~ changed by cargo-mutants ~ */evidence.verified
         || evidence.mission_id != request.mission_id
         || evidence.execution_id != request.execution_id
         || evidence.execution_id != result.execution_id
         || evidence.runtime_id != result.runtime_id
     {
         return AcceptanceDecision::Block;
     }
 


*** C:\\Users\\Igor\ B\\.rustup\\toolchains\\stable-x86_64-pc-windows-msvc\\bin\\cargo.exe test --no-run --verbose --workspace
warning: failed to save last-use data
This may prevent cargo from accurately tracking what is being used in its global cache. This information is used for automatically removing unused data in the cache.

attempt to write a readonly database

Caused by:
  Error code 8: attempt to write a readonly database
       Fresh unicode-ident v1.0.24
       Fresh proc-macro2 v1.0.107
       Fresh itoa v1.0.18
       Fresh memchr v2.8.3
       Dirty metao-kernel v0.0.0 (C:\Users\IGORB~1\AppData\Local\Temp\cargo-mutants-rust-chassis-a-Vf012E.tmp\metao-kernel): the file `metao-kernel\src\lib.rs` has changed (13432348261.127270400s, 7s after last build at 13432348254.830978400s)
   Compiling metao-kernel v0.0.0 (C:\Users\IGORB~1\AppData\Local\Temp\cargo-mutants-rust-chassis-a-Vf012E.tmp\metao-kernel)
       Fresh quote v1.0.47
       Fresh serde_core v1.0.229
       Fresh zmij v1.0.23
       Fresh metao-registry v0.0.0 (C:\Users\IGORB~1\AppData\Local\Temp\cargo-mutants-rust-chassis-a-Vf012E.tmp\metao-registry)
       Fresh metao-contracts v0.0.0 (C:\Users\IGORB~1\AppData\Local\Temp\cargo-mutants-rust-chassis-a-Vf012E.tmp\metao-contracts)
     Running `C:\Users\Igor B\.rustup\toolchains\stable-x86_64-pc-windows-msvc\bin\rustc.exe --crate-name metao_kernel --edition=2021 metao-kernel\src\lib.rs --error-format=json --json=diagnostic-rendered-ansi,artifacts,future-incompat --crate-type lib --emit=dep-info,metadata,link -C embed-bitcode=no -C debuginfo=2 --check-cfg cfg(docsrs,test) --check-cfg "cfg(feature, values())" -C metadata=8063af36809cfa34 -C extra-filename=-a40e2e7ebf26b89a --out-dir C:\Users\IGORB~1\AppData\Local\Temp\cargo-mutants-rust-chassis-a-Vf012E.tmp\target\debug\deps -C incremental=C:\Users\IGORB~1\AppData\Local\Temp\cargo-mutants-rust-chassis-a-Vf012E.tmp\target\debug\incremental -L dependency=C:\Users\IGORB~1\AppData\Local\Temp\cargo-mutants-rust-chassis-a-Vf012E.tmp\target\debug\deps --extern metao_contracts=C:\Users\IGORB~1\AppData\Local\Temp\cargo-mutants-rust-chassis-a-Vf012E.tmp\target\debug\deps\libmetao_contracts-2f46a9e12d2edc35.rmeta`
       Fresh syn v3.0.4
       Fresh serde_json v1.0.151
       Fresh serde_derive v1.0.229
       Fresh serde v1.0.229
       Fresh metao-wire v0.0.0 (C:\Users\IGORB~1\AppData\Local\Temp\cargo-mutants-rust-chassis-a-Vf012E.tmp\metao-wire)
     Running `C:\Users\Igor B\.rustup\toolchains\stable-x86_64-pc-windows-msvc\bin\rustc.exe --crate-name metao_kernel --edition=2021 metao-kernel\src\lib.rs --error-format=json --json=diagnostic-rendered-ansi,artifacts,future-incompat --emit=dep-info,link -C embed-bitcode=no -C debuginfo=2 --test --check-cfg cfg(docsrs,test) --check-cfg "cfg(feature, values())" -C metadata=3db362b8d7158fe1 -C extra-filename=-d9efad0534f7e869 --out-dir C:\Users\IGORB~1\AppData\Local\Temp\cargo-mutants-rust-chassis-a-Vf012E.tmp\target\debug\deps -C incremental=C:\Users\IGORB~1\AppData\Local\Temp\cargo-mutants-rust-chassis-a-Vf012E.tmp\target\debug\incremental -L dependency=C:\Users\IGORB~1\AppData\Local\Temp\cargo-mutants-rust-chassis-a-Vf012E.tmp\target\debug\deps --extern metao_contracts=C:\Users\IGORB~1\AppData\Local\Temp\cargo-mutants-rust-chassis-a-Vf012E.tmp\target\debug\deps\libmetao_contracts-2f46a9e12d2edc35.rlib`
       Dirty metao-testkit v0.0.0 (C:\Users\IGORB~1\AppData\Local\Temp\cargo-mutants-rust-chassis-a-Vf012E.tmp\metao-testkit): the dependency `metao-kernel` was rebuilt
   Compiling metao-testkit v0.0.0 (C:\Users\IGORB~1\AppData\Local\Temp\cargo-mutants-rust-chassis-a-Vf012E.tmp\metao-testkit)
     Running `C:\Users\Igor B\.rustup\toolchains\stable-x86_64-pc-windows-msvc\bin\rustc.exe --crate-name metao_testkit --edition=2021 metao-testkit\src\lib.rs --error-format=json --json=diagnostic-rendered-ansi,artifacts,future-incompat --crate-type lib --emit=dep-info,metadata,link -C embed-bitcode=no -C debuginfo=2 --check-cfg cfg(docsrs,test) --check-cfg "cfg(feature, values())" -C metadata=ac1feb24395f8bb5 -C extra-filename=-e2ed2f3d49ec8132 --out-dir C:\Users\IGORB~1\AppData\Local\Temp\cargo-mutants-rust-chassis-a-Vf012E.tmp\target\debug\deps -C incremental=C:\Users\IGORB~1\AppData\Local\Temp\cargo-mutants-rust-chassis-a-Vf012E.tmp\target\debug\incremental -L dependency=C:\Users\IGORB~1\AppData\Local\Temp\cargo-mutants-rust-chassis-a-Vf012E.tmp\target\debug\deps --extern metao_contracts=C:\Users\IGORB~1\AppData\Local\Temp\cargo-mutants-rust-chassis-a-Vf012E.tmp\target\debug\deps\libmetao_contracts-2f46a9e12d2edc35.rmeta --extern metao_kernel=C:\Users\IGORB~1\AppData\Local\Temp\cargo-mutants-rust-chassis-a-Vf012E.tmp\target\debug\deps\libmetao_kernel-a40e2e7ebf26b89a.rmeta --extern metao_registry=C:\Users\IGORB~1\AppData\Local\Temp\cargo-mutants-rust-chassis-a-Vf012E.tmp\target\debug\deps\libmetao_registry-643a34d702e3604c.rmeta`
     Running `C:\Users\Igor B\.rustup\toolchains\stable-x86_64-pc-windows-msvc\bin\rustc.exe --crate-name metao_testkit --edition=2021 metao-testkit\src\lib.rs --error-format=json --json=diagnostic-rendered-ansi,artifacts,future-incompat --emit=dep-info,link -C embed-bitcode=no -C debuginfo=2 --test --check-cfg cfg(docsrs,test) --check-cfg "cfg(feature, values())" -C metadata=0539eabef6058b53 -C extra-filename=-43eab5b3a6ecb238 --out-dir C:\Users\IGORB~1\AppData\Local\Temp\cargo-mutants-rust-chassis-a-Vf012E.tmp\target\debug\deps -C incremental=C:\Users\IGORB~1\AppData\Local\Temp\cargo-mutants-rust-chassis-a-Vf012E.tmp\target\debug\incremental -L dependency=C:\Users\IGORB~1\AppData\Local\Temp\cargo-mutants-rust-chassis-a-Vf012E.tmp\target\debug\deps --extern metao_contracts=C:\Users\IGORB~1\AppData\Local\Temp\cargo-mutants-rust-chassis-a-Vf012E.tmp\target\debug\deps\libmetao_contracts-2f46a9e12d2edc35.rlib --extern metao_kernel=C:\Users\IGORB~1\AppData\Local\Temp\cargo-mutants-rust-chassis-a-Vf012E.tmp\target\debug\deps\libmetao_kernel-a40e2e7ebf26b89a.rlib --extern metao_registry=C:\Users\IGORB~1\AppData\Local\Temp\cargo-mutants-rust-chassis-a-Vf012E.tmp\target\debug\deps\libmetao_registry-643a34d702e3604c.rlib`
     Running `C:\Users\Igor B\.rustup\toolchains\stable-x86_64-pc-windows-msvc\bin\rustc.exe --crate-name qualification --edition=2021 metao-testkit\tests\qualification.rs --error-format=json --json=diagnostic-rendered-ansi,artifacts,future-incompat --emit=dep-info,link -C embed-bitcode=no -C debuginfo=2 --test --check-cfg cfg(docsrs,test) --check-cfg "cfg(feature, values())" -C metadata=db513d631f70f5fe -C extra-filename=-e5efad604ea8365a --out-dir C:\Users\IGORB~1\AppData\Local\Temp\cargo-mutants-rust-chassis-a-Vf012E.tmp\target\debug\deps -C incremental=C:\Users\IGORB~1\AppData\Local\Temp\cargo-mutants-rust-chassis-a-Vf012E.tmp\target\debug\incremental -L dependency=C:\Users\IGORB~1\AppData\Local\Temp\cargo-mutants-rust-chassis-a-Vf012E.tmp\target\debug\deps --extern metao_contracts=C:\Users\IGORB~1\AppData\Local\Temp\cargo-mutants-rust-chassis-a-Vf012E.tmp\target\debug\deps\libmetao_contracts-2f46a9e12d2edc35.rlib --extern metao_kernel=C:\Users\IGORB~1\AppData\Local\Temp\cargo-mutants-rust-chassis-a-Vf012E.tmp\target\debug\deps\libmetao_kernel-a40e2e7ebf26b89a.rlib --extern metao_registry=C:\Users\IGORB~1\AppData\Local\Temp\cargo-mutants-rust-chassis-a-Vf012E.tmp\target\debug\deps\libmetao_registry-643a34d702e3604c.rlib --extern metao_testkit=C:\Users\IGORB~1\AppData\Local\Temp\cargo-mutants-rust-chassis-a-Vf012E.tmp\target\debug\deps\libmetao_testkit-e2ed2f3d49ec8132.rlib`
    Finished `test` profile [unoptimized + debuginfo] target(s) in 4.59s
  Executable `C:\Users\IGORB~1\AppData\Local\Temp\cargo-mutants-rust-chassis-a-Vf012E.tmp\target\debug\deps\metao_contracts-8f25e6b6f266c18c.exe`
  Executable `C:\Users\IGORB~1\AppData\Local\Temp\cargo-mutants-rust-chassis-a-Vf012E.tmp\target\debug\deps\metao_kernel-d9efad0534f7e869.exe`
  Executable `C:\Users\IGORB~1\AppData\Local\Temp\cargo-mutants-rust-chassis-a-Vf012E.tmp\target\debug\deps\metao_registry-e77873071df07843.exe`
  Executable `C:\Users\IGORB~1\AppData\Local\Temp\cargo-mutants-rust-chassis-a-Vf012E.tmp\target\debug\deps\metao_testkit-43eab5b3a6ecb238.exe`
  Executable `C:\Users\IGORB~1\AppData\Local\Temp\cargo-mutants-rust-chassis-a-Vf012E.tmp\target\debug\deps\qualification-e5efad604ea8365a.exe`
  Executable `C:\Users\IGORB~1\AppData\Local\Temp\cargo-mutants-rust-chassis-a-Vf012E.tmp\target\debug\deps\metao_wire-524044db49b62174.exe`
  Executable `C:\Users\IGORB~1\AppData\Local\Temp\cargo-mutants-rust-chassis-a-Vf012E.tmp\target\debug\deps\metao_wire_runtime-c66be4dba49471ae.exe`
  Executable `C:\Users\IGORB~1\AppData\Local\Temp\cargo-mutants-rust-chassis-a-Vf012E.tmp\target\debug\deps\out_of_process-a42f1ab588f9896b.exe`

*** result: Success

*** C:\\Users\\Igor\ B\\.rustup\\toolchains\\stable-x86_64-pc-windows-msvc\\bin\\cargo.exe test --verbose --workspace
warning: failed to save last-use data
This may prevent cargo from accurately tracking what is being used in its global cache. This information is used for automatically removing unused data in the cache.

attempt to write a readonly database

Caused by:
  Error code 8: attempt to write a readonly database
       Fresh unicode-ident v1.0.24
       Fresh proc-macro2 v1.0.107
       Fresh memchr v2.8.3
       Fresh itoa v1.0.18
       Fresh quote v1.0.47
       Fresh metao-registry v0.0.0 (C:\Users\IGORB~1\AppData\Local\Temp\cargo-mutants-rust-chassis-a-Vf012E.tmp\metao-registry)
       Fresh serde_core v1.0.229
       Fresh syn v3.0.4
       Fresh zmij v1.0.23
       Fresh metao-kernel v0.0.0 (C:\Users\IGORB~1\AppData\Local\Temp\cargo-mutants-rust-chassis-a-Vf012E.tmp\metao-kernel)
       Fresh metao-contracts v0.0.0 (C:\Users\IGORB~1\AppData\Local\Temp\cargo-mutants-rust-chassis-a-Vf012E.tmp\metao-contracts)
       Fresh serde_derive v1.0.229
       Fresh serde_json v1.0.151
       Fresh metao-testkit v0.0.0 (C:\Users\IGORB~1\AppData\Local\Temp\cargo-mutants-rust-chassis-a-Vf012E.tmp\metao-testkit)
       Fresh serde v1.0.229
       Fresh metao-wire v0.0.0 (C:\Users\IGORB~1\AppData\Local\Temp\cargo-mutants-rust-chassis-a-Vf012E.tmp\metao-wire)
    Finished `test` profile [unoptimized + debuginfo] target(s) in 0.34s
     Running `C:\Users\IGORB~1\AppData\Local\Temp\cargo-mutants-rust-chassis-a-Vf012E.tmp\target\debug\deps\metao_contracts-8f25e6b6f266c18c.exe`

running 0 tests

test result: ok. 0 passed; 0 failed; 0 ignored; 0 measured; 0 filtered out; finished in 0.00s

     Running `C:\Users\IGORB~1\AppData\Local\Temp\cargo-mutants-rust-chassis-a-Vf012E.tmp\target\debug\deps\metao_kernel-d9efad0534f7e869.exe`

running 1 test
test tests::unverified_evidence_with_exact_binding_is_blocked ... FAILED

failures:

---- tests::unverified_evidence_with_exact_binding_is_blocked stdout ----

thread 'tests::unverified_evidence_with_exact_binding_is_blocked' (21580) panicked at metao-kernel\src\lib.rs:93:9:
assertion `left == right` failed
  left: Accept
 right: Block
note: run with `RUST_BACKTRACE=1` environment variable to display a backtrace


failures:
    tests::unverified_evidence_with_exact_binding_is_blocked

test result: FAILED. 0 passed; 1 failed; 0 ignored; 0 measured; 0 filtered out; finished in 0.02s

error: test failed, to rerun pass `-p metao-kernel --lib`

*** result: Failure(101)
