
*** metao-kernel/src/lib.rs:28:9: replace || with && in evaluate_acceptance

*** mutation diff:
--- metao-kernel/src/lib.rs
+++ replace || with && in evaluate_acceptance
@@ -20,17 +20,17 @@
 
     let Some(evidence) = evidence else {
         return AcceptanceDecision::NotDone;
     };
 
     if !evidence.verified
         || evidence.mission_id != request.mission_id
         || evidence.execution_id != request.execution_id
-        || evidence.execution_id != result.execution_id
+        && /* ~ changed by cargo-mutants ~ */ evidence.execution_id != result.execution_id
         || evidence.runtime_id != result.runtime_id
     {
         return AcceptanceDecision::Block;
     }
 
     if now_epoch < evidence.created_at_epoch {
         return AcceptanceDecision::Block;
     }


*** C:\\Users\\Igor\ B\\.rustup\\toolchains\\stable-x86_64-pc-windows-msvc\\bin\\cargo.exe test --no-run --verbose --workspace
warning: failed to save last-use data
This may prevent cargo from accurately tracking what is being used in its global cache. This information is used for automatically removing unused data in the cache.

attempt to write a readonly database

Caused by:
  Error code 8: attempt to write a readonly database
       Fresh unicode-ident v1.0.24
       Fresh itoa v1.0.18
       Fresh proc-macro2 v1.0.107
       Fresh memchr v2.8.3
       Dirty metao-kernel v0.0.0 (C:\Users\IGORB~1\AppData\Local\Temp\cargo-mutants-rust-chassis-a-Vf012E.tmp\metao-kernel): the file `metao-kernel\src\lib.rs` has changed (13432348235.777805800s, 6s after last build at 13432348229.186445400s)
   Compiling metao-kernel v0.0.0 (C:\Users\IGORB~1\AppData\Local\Temp\cargo-mutants-rust-chassis-a-Vf012E.tmp\metao-kernel)
       Fresh quote v1.0.47
       Fresh serde_core v1.0.229
       Fresh zmij v1.0.23
       Fresh metao-registry v0.0.0 (C:\Users\IGORB~1\AppData\Local\Temp\cargo-mutants-rust-chassis-a-Vf012E.tmp\metao-registry)
       Fresh metao-contracts v0.0.0 (C:\Users\IGORB~1\AppData\Local\Temp\cargo-mutants-rust-chassis-a-Vf012E.tmp\metao-contracts)
     Running `C:\Users\Igor B\.rustup\toolchains\stable-x86_64-pc-windows-msvc\bin\rustc.exe --crate-name metao_kernel --edition=2021 metao-kernel\src\lib.rs --error-format=json --json=diagnostic-rendered-ansi,artifacts,future-incompat --crate-type lib --emit=dep-info,metadata,link -C embed-bitcode=no -C debuginfo=2 --check-cfg cfg(docsrs,test) --check-cfg "cfg(feature, values())" -C metadata=8063af36809cfa34 -C extra-filename=-a40e2e7ebf26b89a --out-dir C:\Users\IGORB~1\AppData\Local\Temp\cargo-mutants-rust-chassis-a-Vf012E.tmp\target\debug\deps -C incremental=C:\Users\IGORB~1\AppData\Local\Temp\cargo-mutants-rust-chassis-a-Vf012E.tmp\target\debug\incremental -L dependency=C:\Users\IGORB~1\AppData\Local\Temp\cargo-mutants-rust-chassis-a-Vf012E.tmp\target\debug\deps --extern metao_contracts=C:\Users\IGORB~1\AppData\Local\Temp\cargo-mutants-rust-chassis-a-Vf012E.tmp\target\debug\deps\libmetao_contracts-2f46a9e12d2edc35.rmeta`
       Fresh syn v3.0.4
       Fresh serde_json v1.0.151
       Fresh serde_derive v1.0.229
       Fresh serde v1.0.229
     Running `C:\Users\Igor B\.rustup\toolchains\stable-x86_64-pc-windows-msvc\bin\rustc.exe --crate-name metao_kernel --edition=2021 metao-kernel\src\lib.rs --error-format=json --json=diagnostic-rendered-ansi,artifacts,future-incompat --emit=dep-info,link -C embed-bitcode=no -C debuginfo=2 --test --check-cfg cfg(docsrs,test) --check-cfg "cfg(feature, values())" -C metadata=3db362b8d7158fe1 -C extra-filename=-d9efad0534f7e869 --out-dir C:\Users\IGORB~1\AppData\Local\Temp\cargo-mutants-rust-chassis-a-Vf012E.tmp\target\debug\deps -C incremental=C:\Users\IGORB~1\AppData\Local\Temp\cargo-mutants-rust-chassis-a-Vf012E.tmp\target\debug\incremental -L dependency=C:\Users\IGORB~1\AppData\Local\Temp\cargo-mutants-rust-chassis-a-Vf012E.tmp\target\debug\deps --extern metao_contracts=C:\Users\IGORB~1\AppData\Local\Temp\cargo-mutants-rust-chassis-a-Vf012E.tmp\target\debug\deps\libmetao_contracts-2f46a9e12d2edc35.rlib`
       Fresh metao-wire v0.0.0 (C:\Users\IGORB~1\AppData\Local\Temp\cargo-mutants-rust-chassis-a-Vf012E.tmp\metao-wire)
       Dirty metao-testkit v0.0.0 (C:\Users\IGORB~1\AppData\Local\Temp\cargo-mutants-rust-chassis-a-Vf012E.tmp\metao-testkit): the dependency `metao-kernel` was rebuilt
   Compiling metao-testkit v0.0.0 (C:\Users\IGORB~1\AppData\Local\Temp\cargo-mutants-rust-chassis-a-Vf012E.tmp\metao-testkit)
     Running `C:\Users\Igor B\.rustup\toolchains\stable-x86_64-pc-windows-msvc\bin\rustc.exe --crate-name metao_testkit --edition=2021 metao-testkit\src\lib.rs --error-format=json --json=diagnostic-rendered-ansi,artifacts,future-incompat --crate-type lib --emit=dep-info,metadata,link -C embed-bitcode=no -C debuginfo=2 --check-cfg cfg(docsrs,test) --check-cfg "cfg(feature, values())" -C metadata=ac1feb24395f8bb5 -C extra-filename=-e2ed2f3d49ec8132 --out-dir C:\Users\IGORB~1\AppData\Local\Temp\cargo-mutants-rust-chassis-a-Vf012E.tmp\target\debug\deps -C incremental=C:\Users\IGORB~1\AppData\Local\Temp\cargo-mutants-rust-chassis-a-Vf012E.tmp\target\debug\incremental -L dependency=C:\Users\IGORB~1\AppData\Local\Temp\cargo-mutants-rust-chassis-a-Vf012E.tmp\target\debug\deps --extern metao_contracts=C:\Users\IGORB~1\AppData\Local\Temp\cargo-mutants-rust-chassis-a-Vf012E.tmp\target\debug\deps\libmetao_contracts-2f46a9e12d2edc35.rmeta --extern metao_kernel=C:\Users\IGORB~1\AppData\Local\Temp\cargo-mutants-rust-chassis-a-Vf012E.tmp\target\debug\deps\libmetao_kernel-a40e2e7ebf26b89a.rmeta --extern metao_registry=C:\Users\IGORB~1\AppData\Local\Temp\cargo-mutants-rust-chassis-a-Vf012E.tmp\target\debug\deps\libmetao_registry-643a34d702e3604c.rmeta`
     Running `C:\Users\Igor B\.rustup\toolchains\stable-x86_64-pc-windows-msvc\bin\rustc.exe --crate-name qualification --edition=2021 metao-testkit\tests\qualification.rs --error-format=json --json=diagnostic-rendered-ansi,artifacts,future-incompat --emit=dep-info,link -C embed-bitcode=no -C debuginfo=2 --test --check-cfg cfg(docsrs,test) --check-cfg "cfg(feature, values())" -C metadata=db513d631f70f5fe -C extra-filename=-e5efad604ea8365a --out-dir C:\Users\IGORB~1\AppData\Local\Temp\cargo-mutants-rust-chassis-a-Vf012E.tmp\target\debug\deps -C incremental=C:\Users\IGORB~1\AppData\Local\Temp\cargo-mutants-rust-chassis-a-Vf012E.tmp\target\debug\incremental -L dependency=C:\Users\IGORB~1\AppData\Local\Temp\cargo-mutants-rust-chassis-a-Vf012E.tmp\target\debug\deps --extern metao_contracts=C:\Users\IGORB~1\AppData\Local\Temp\cargo-mutants-rust-chassis-a-Vf012E.tmp\target\debug\deps\libmetao_contracts-2f46a9e12d2edc35.rlib --extern metao_kernel=C:\Users\IGORB~1\AppData\Local\Temp\cargo-mutants-rust-chassis-a-Vf012E.tmp\target\debug\deps\libmetao_kernel-a40e2e7ebf26b89a.rlib --extern metao_registry=C:\Users\IGORB~1\AppData\Local\Temp\cargo-mutants-rust-chassis-a-Vf012E.tmp\target\debug\deps\libmetao_registry-643a34d702e3604c.rlib --extern metao_testkit=C:\Users\IGORB~1\AppData\Local\Temp\cargo-mutants-rust-chassis-a-Vf012E.tmp\target\debug\deps\libmetao_testkit-e2ed2f3d49ec8132.rlib`
     Running `C:\Users\Igor B\.rustup\toolchains\stable-x86_64-pc-windows-msvc\bin\rustc.exe --crate-name metao_testkit --edition=2021 metao-testkit\src\lib.rs --error-format=json --json=diagnostic-rendered-ansi,artifacts,future-incompat --emit=dep-info,link -C embed-bitcode=no -C debuginfo=2 --test --check-cfg cfg(docsrs,test) --check-cfg "cfg(feature, values())" -C metadata=0539eabef6058b53 -C extra-filename=-43eab5b3a6ecb238 --out-dir C:\Users\IGORB~1\AppData\Local\Temp\cargo-mutants-rust-chassis-a-Vf012E.tmp\target\debug\deps -C incremental=C:\Users\IGORB~1\AppData\Local\Temp\cargo-mutants-rust-chassis-a-Vf012E.tmp\target\debug\incremental -L dependency=C:\Users\IGORB~1\AppData\Local\Temp\cargo-mutants-rust-chassis-a-Vf012E.tmp\target\debug\deps --extern metao_contracts=C:\Users\IGORB~1\AppData\Local\Temp\cargo-mutants-rust-chassis-a-Vf012E.tmp\target\debug\deps\libmetao_contracts-2f46a9e12d2edc35.rlib --extern metao_kernel=C:\Users\IGORB~1\AppData\Local\Temp\cargo-mutants-rust-chassis-a-Vf012E.tmp\target\debug\deps\libmetao_kernel-a40e2e7ebf26b89a.rlib --extern metao_registry=C:\Users\IGORB~1\AppData\Local\Temp\cargo-mutants-rust-chassis-a-Vf012E.tmp\target\debug\deps\libmetao_registry-643a34d702e3604c.rlib`
    Finished `test` profile [unoptimized + debuginfo] target(s) in 3.47s
  Executable `C:\Users\IGORB~1\AppData\Local\Temp\cargo-mutants-rust-chassis-a-Vf012E.tmp\target\debug\deps\metao_contracts-8f25e6b6f266c18c.exe`
  Executable `C:\Users\IGORB~1\AppData\Local\Temp\cargo-mutants-rust-chassis-a-Vf012E.tmp\target\debug\deps\metao_kernel-d9efad0534f7e869.exe`
  Executable `C:\Users\IGORB~1\AppData\Local\Temp\cargo-mutants-rust-chassis-a-Vf012E.tmp\target\debug\deps\metao_registry-e77873071df07843.exe`
  Executable `C:\Users\IGORB~1\AppData\Local\Temp\cargo-mutants-rust-chassis-a-Vf012E.tmp\target\debug\deps\metao_testkit-43eab5b3a6ecb238.exe`
  Executable `C:\Users\IGORB~1\AppData\Local\Temp\cargo-mutants-rust-chassis-a-Vf012E.tmp\target\debug\deps\qualification-e5efad604ea8365a.exe`
  Executable `C:\Users\IGORB~1\AppData\Local\Temp\cargo-mutants-rust-chassis-a-Vf012E.tmp\target\debug\deps\metao_wire-524044db49b62174.exe`
  Executable `C:\Users\IGORB~1\AppData\Local\Temp\cargo-mutants-rust-chassis-a-Vf012E.tmp\target\debug\deps\metao_wire_runtime-c66be4dba49471ae.exe`
  Executable `C:\Users\IGORB~1\AppData\Local\Temp\cargo-mutants-rust-chassis-a-Vf012E.tmp\target\debug\deps\out_of_process-a42f1ab588f9896b.exe`

*** result: Success

*** C:\\Users\\Igor\ B\\.rustup\\toolchains\\stable-x86_64-pc-windows-msvc\\bin\\cargo.exe test --verbose --workspace
warning: failed to save last-use data
This may prevent cargo from accurately tracking what is being used in its global cache. This information is used for automatically removing unused data in the cache.

attempt to write a readonly database

Caused by:
  Error code 8: attempt to write a readonly database
       Fresh unicode-ident v1.0.24
       Fresh proc-macro2 v1.0.107
       Fresh quote v1.0.47
       Fresh syn v3.0.4
       Fresh serde_core v1.0.229
       Fresh serde_derive v1.0.229
       Fresh zmij v1.0.23
       Fresh memchr v2.8.3
       Fresh itoa v1.0.18
       Fresh metao-registry v0.0.0 (C:\Users\IGORB~1\AppData\Local\Temp\cargo-mutants-rust-chassis-a-Vf012E.tmp\metao-registry)
       Fresh metao-kernel v0.0.0 (C:\Users\IGORB~1\AppData\Local\Temp\cargo-mutants-rust-chassis-a-Vf012E.tmp\metao-kernel)
       Fresh serde v1.0.229
       Fresh serde_json v1.0.151
       Fresh metao-testkit v0.0.0 (C:\Users\IGORB~1\AppData\Local\Temp\cargo-mutants-rust-chassis-a-Vf012E.tmp\metao-testkit)
       Fresh metao-contracts v0.0.0 (C:\Users\IGORB~1\AppData\Local\Temp\cargo-mutants-rust-chassis-a-Vf012E.tmp\metao-contracts)
       Fresh metao-wire v0.0.0 (C:\Users\IGORB~1\AppData\Local\Temp\cargo-mutants-rust-chassis-a-Vf012E.tmp\metao-wire)
    Finished `test` profile [unoptimized + debuginfo] target(s) in 0.41s
     Running `C:\Users\IGORB~1\AppData\Local\Temp\cargo-mutants-rust-chassis-a-Vf012E.tmp\target\debug\deps\metao_contracts-8f25e6b6f266c18c.exe`

running 0 tests

test result: ok. 0 passed; 0 failed; 0 ignored; 0 measured; 0 filtered out; finished in 0.00s

     Running `C:\Users\IGORB~1\AppData\Local\Temp\cargo-mutants-rust-chassis-a-Vf012E.tmp\target\debug\deps\metao_kernel-d9efad0534f7e869.exe`

running 1 test
test tests::unverified_evidence_with_exact_binding_is_blocked ... ok

test result: ok. 1 passed; 0 failed; 0 ignored; 0 measured; 0 filtered out; finished in 0.01s

     Running `C:\Users\IGORB~1\AppData\Local\Temp\cargo-mutants-rust-chassis-a-Vf012E.tmp\target\debug\deps\metao_registry-e77873071df07843.exe`

running 0 tests

test result: ok. 0 passed; 0 failed; 0 ignored; 0 measured; 0 filtered out; finished in 0.00s

     Running `C:\Users\IGORB~1\AppData\Local\Temp\cargo-mutants-rust-chassis-a-Vf012E.tmp\target\debug\deps\metao_testkit-43eab5b3a6ecb238.exe`

running 0 tests

test result: ok. 0 passed; 0 failed; 0 ignored; 0 measured; 0 filtered out; finished in 0.00s

     Running `C:\Users\IGORB~1\AppData\Local\Temp\cargo-mutants-rust-chassis-a-Vf012E.tmp\target\debug\deps\qualification-e5efad604ea8365a.exe`

running 14 tests
test acceptance_hard_gates_match_python_baseline ... ok
test adversarial_evidence_binding_matrix_only_accepts_exact_verified_binding ... ok
test failed_execution_never_accepts_and_panic_is_contained ... ok
test acceptance_binding_requires_exact_runtime_and_result_alignment ... ok
test acceptance_boundary_epochs_match_python_oracle ... ok
test duplicate_and_version_conflict_fail_deterministically ... ok
test exhaustive_small_reconcile_state_space_satisfies_laws ... ok
test reconciliation_is_idempotent_and_deterministic ... ok
test replays_python_golden_fixture_outcomes ... ok
test invalid_identity_construction_is_rejected_by_public_api ... ok
test kernel_is_platform_framework_and_unsafe_free ... ok
test unregister_reports_presence_and_removal ... ok
test whole_orchestrator_replacement_changes_no_kernel_contract ... ok
test fault_injection_endurance_slice_contains_failure_and_recovers ... ok

test result: ok. 14 passed; 0 failed; 0 ignored; 0 measured; 0 filtered out; finished in 0.93s

     Running `C:\Users\IGORB~1\AppData\Local\Temp\cargo-mutants-rust-chassis-a-Vf012E.tmp\target\debug\deps\metao_wire-524044db49b62174.exe`

running 0 tests

test result: ok. 0 passed; 0 failed; 0 ignored; 0 measured; 0 filtered out; finished in 0.00s

     Running `C:\Users\IGORB~1\AppData\Local\Temp\cargo-mutants-rust-chassis-a-Vf012E.tmp\target\debug\deps\metao_wire_runtime-c66be4dba49471ae.exe`

running 0 tests

test result: ok. 0 passed; 0 failed; 0 ignored; 0 measured; 0 filtered out; finished in 0.00s

     Running `C:\Users\IGORB~1\AppData\Local\Temp\cargo-mutants-rust-chassis-a-Vf012E.tmp\target\debug\deps\out_of_process-a42f1ab588f9896b.exe`

running 5 tests
test canonical_request_encoding_is_deterministic ... ok
test incompatible_protocol_version_fails_closed ... ok
test malformed_wire_message_fails_closed ... ok
test external_runtime_process_round_trip_preserves_execution_binding ... ok
test hanging_external_runtime_can_be_contained_by_process_boundary ... ok

test result: ok. 5 passed; 0 failed; 0 ignored; 0 measured; 0 filtered out; finished in 0.73s

   Doc-tests metao_contracts
     Running `C:\Users\Igor B\.rustup\toolchains\stable-x86_64-pc-windows-msvc\bin\rustdoc.exe --edition=2021 --crate-type lib --color auto --crate-name metao_contracts --test metao-contracts\src\lib.rs --test-run-directory C:\Users\IGORB~1\AppData\Local\Temp\cargo-mutants-rust-chassis-a-Vf012E.tmp\metao-contracts --extern metao_contracts=C:\Users\IGORB~1\AppData\Local\Temp\cargo-mutants-rust-chassis-a-Vf012E.tmp\target\debug\deps\libmetao_contracts-2f46a9e12d2edc35.rlib -L dependency=C:\Users\IGORB~1\AppData\Local\Temp\cargo-mutants-rust-chassis-a-Vf012E.tmp\target\debug\deps -C embed-bitcode=no --check-cfg cfg(docsrs,test) --check-cfg "cfg(feature, values())" --error-format human`

running 0 tests

test result: ok. 0 passed; 0 failed; 0 ignored; 0 measured; 0 filtered out; finished in 0.00s

   Doc-tests metao_kernel
     Running `C:\Users\Igor B\.rustup\toolchains\stable-x86_64-pc-windows-msvc\bin\rustdoc.exe --edition=2021 --crate-type lib --color auto --crate-name metao_kernel --test metao-kernel\src\lib.rs --test-run-directory C:\Users\IGORB~1\AppData\Local\Temp\cargo-mutants-rust-chassis-a-Vf012E.tmp\metao-kernel --extern metao_contracts=C:\Users\IGORB~1\AppData\Local\Temp\cargo-mutants-rust-chassis-a-Vf012E.tmp\target\debug\deps\libmetao_contracts-2f46a9e12d2edc35.rlib --extern metao_kernel=C:\Users\IGORB~1\AppData\Local\Temp\cargo-mutants-rust-chassis-a-Vf012E.tmp\target\debug\deps\libmetao_kernel-a40e2e7ebf26b89a.rlib -L dependency=C:\Users\IGORB~1\AppData\Local\Temp\cargo-mutants-rust-chassis-a-Vf012E.tmp\target\debug\deps -C embed-bitcode=no --check-cfg cfg(docsrs,test) --check-cfg "cfg(feature, values())" --error-format human`

running 0 tests

test result: ok. 0 passed; 0 failed; 0 ignored; 0 measured; 0 filtered out; finished in 0.00s

   Doc-tests metao_registry
     Running `C:\Users\Igor B\.rustup\toolchains\stable-x86_64-pc-windows-msvc\bin\rustdoc.exe --edition=2021 --crate-type lib --color auto --crate-name metao_registry --test metao-registry\src\lib.rs --test-run-directory C:\Users\IGORB~1\AppData\Local\Temp\cargo-mutants-rust-chassis-a-Vf012E.tmp\metao-registry --extern metao_contracts=C:\Users\IGORB~1\AppData\Local\Temp\cargo-mutants-rust-chassis-a-Vf012E.tmp\target\debug\deps\libmetao_contracts-2f46a9e12d2edc35.rlib --extern metao_registry=C:\Users\IGORB~1\AppData\Local\Temp\cargo-mutants-rust-chassis-a-Vf012E.tmp\target\debug\deps\libmetao_registry-643a34d702e3604c.rlib -L dependency=C:\Users\IGORB~1\AppData\Local\Temp\cargo-mutants-rust-chassis-a-Vf012E.tmp\target\debug\deps -C embed-bitcode=no --check-cfg cfg(docsrs,test) --check-cfg "cfg(feature, values())" --error-format human`

running 0 tests

test result: ok. 0 passed; 0 failed; 0 ignored; 0 measured; 0 filtered out; finished in 0.00s

   Doc-tests metao_testkit
     Running `C:\Users\Igor B\.rustup\toolchains\stable-x86_64-pc-windows-msvc\bin\rustdoc.exe --edition=2021 --crate-type lib --color auto --crate-name metao_testkit --test metao-testkit\src\lib.rs --test-run-directory C:\Users\IGORB~1\AppData\Local\Temp\cargo-mutants-rust-chassis-a-Vf012E.tmp\metao-testkit --extern metao_contracts=C:\Users\IGORB~1\AppData\Local\Temp\cargo-mutants-rust-chassis-a-Vf012E.tmp\target\debug\deps\libmetao_contracts-2f46a9e12d2edc35.rlib --extern metao_kernel=C:\Users\IGORB~1\AppData\Local\Temp\cargo-mutants-rust-chassis-a-Vf012E.tmp\target\debug\deps\libmetao_kernel-a40e2e7ebf26b89a.rlib --extern metao_registry=C:\Users\IGORB~1\AppData\Local\Temp\cargo-mutants-rust-chassis-a-Vf012E.tmp\target\debug\deps\libmetao_registry-643a34d702e3604c.rlib --extern metao_testkit=C:\Users\IGORB~1\AppData\Local\Temp\cargo-mutants-rust-chassis-a-Vf012E.tmp\target\debug\deps\libmetao_testkit-e2ed2f3d49ec8132.rlib -L dependency=C:\Users\IGORB~1\AppData\Local\Temp\cargo-mutants-rust-chassis-a-Vf012E.tmp\target\debug\deps -C embed-bitcode=no --check-cfg cfg(docsrs,test) --check-cfg "cfg(feature, values())" --error-format human`

running 0 tests

test result: ok. 0 passed; 0 failed; 0 ignored; 0 measured; 0 filtered out; finished in 0.00s

   Doc-tests metao_wire
     Running `C:\Users\Igor B\.rustup\toolchains\stable-x86_64-pc-windows-msvc\bin\rustdoc.exe --edition=2021 --crate-type lib --color auto --crate-name metao_wire --test metao-wire\src\lib.rs --test-run-directory C:\Users\IGORB~1\AppData\Local\Temp\cargo-mutants-rust-chassis-a-Vf012E.tmp\metao-wire --extern metao_wire=C:\Users\IGORB~1\AppData\Local\Temp\cargo-mutants-rust-chassis-a-Vf012E.tmp\target\debug\deps\libmetao_wire-3d79d230c42ad962.rlib --extern serde=C:\Users\IGORB~1\AppData\Local\Temp\cargo-mutants-rust-chassis-a-Vf012E.tmp\target\debug\deps\libserde-9e1b7dd9725ff4da.rlib --extern serde_json=C:\Users\IGORB~1\AppData\Local\Temp\cargo-mutants-rust-chassis-a-Vf012E.tmp\target\debug\deps\libserde_json-7a69b8d7633dfb7a.rlib -L dependency=C:\Users\IGORB~1\AppData\Local\Temp\cargo-mutants-rust-chassis-a-Vf012E.tmp\target\debug\deps -C embed-bitcode=no --check-cfg cfg(docsrs,test) --check-cfg "cfg(feature, values())" --error-format human`

running 0 tests

test result: ok. 0 passed; 0 failed; 0 ignored; 0 measured; 0 filtered out; finished in 0.00s


*** result: Success
