
*** metao-kernel/src/lib.rs:48:27: delete ! in reconcile_missing

*** mutation diff:
--- metao-kernel/src/lib.rs
+++ delete ! in reconcile_missing
@@ -40,15 +40,15 @@
     }
 
     AcceptanceDecision::Accept
 }
 
 pub fn reconcile_missing(desired: &[RuntimeId], observed: &[RuntimeId]) -> Vec<RuntimeId> {
     let mut missing: Vec<_> = desired
         .iter()
-        .filter(|runtime| !observed.contains(runtime))
+        .filter(|runtime|  /* ~ changed by cargo-mutants ~ */observed.contains(runtime))
         .cloned()
         .collect();
     missing.sort();
     missing.dedup();
     missing
 }


*** C:\\Users\\Igor\ B\\.rustup\\toolchains\\stable-x86_64-pc-windows-msvc\\bin\\cargo.exe test --no-run --verbose --workspace
warning: failed to save last-use data
This may prevent cargo from accurately tracking what is being used in its global cache. This information is used for automatically removing unused data in the cache.

attempt to write a readonly database

Caused by:
  Error code 8: attempt to write a readonly database
       Fresh unicode-ident v1.0.24
       Fresh memchr v2.8.3
       Fresh proc-macro2 v1.0.107
       Fresh itoa v1.0.18
       Dirty metao-kernel v0.0.0 (C:\Users\IGORB~1\AppData\Local\Temp\cargo-mutants-rust-chassis-a-h7tUTJ.tmp\metao-kernel): couldn't read metadata for file `target\debug\deps\libmetao_kernel-a40e2e7ebf26b89a.rlib`
   Compiling metao-kernel v0.0.0 (C:\Users\IGORB~1\AppData\Local\Temp\cargo-mutants-rust-chassis-a-h7tUTJ.tmp\metao-kernel)
     Running `C:\Users\Igor B\.rustup\toolchains\stable-x86_64-pc-windows-msvc\bin\rustc.exe --crate-name metao_kernel --edition=2021 metao-kernel\src\lib.rs --error-format=json --json=diagnostic-rendered-ansi,artifacts,future-incompat --crate-type lib --emit=dep-info,metadata,link -C embed-bitcode=no -C debuginfo=2 --check-cfg cfg(docsrs,test) --check-cfg "cfg(feature, values())" -C metadata=8063af36809cfa34 -C extra-filename=-a40e2e7ebf26b89a --out-dir C:\Users\IGORB~1\AppData\Local\Temp\cargo-mutants-rust-chassis-a-h7tUTJ.tmp\target\debug\deps -C incremental=C:\Users\IGORB~1\AppData\Local\Temp\cargo-mutants-rust-chassis-a-h7tUTJ.tmp\target\debug\incremental -L dependency=C:\Users\IGORB~1\AppData\Local\Temp\cargo-mutants-rust-chassis-a-h7tUTJ.tmp\target\debug\deps --extern metao_contracts=C:\Users\IGORB~1\AppData\Local\Temp\cargo-mutants-rust-chassis-a-h7tUTJ.tmp\target\debug\deps\libmetao_contracts-2f46a9e12d2edc35.rmeta`
       Fresh quote v1.0.47
       Fresh serde_core v1.0.229
       Fresh zmij v1.0.23
       Fresh metao-registry v0.0.0 (C:\Users\IGORB~1\AppData\Local\Temp\cargo-mutants-rust-chassis-a-h7tUTJ.tmp\metao-registry)
       Fresh metao-contracts v0.0.0 (C:\Users\IGORB~1\AppData\Local\Temp\cargo-mutants-rust-chassis-a-h7tUTJ.tmp\metao-contracts)
     Running `C:\Users\Igor B\.rustup\toolchains\stable-x86_64-pc-windows-msvc\bin\rustc.exe --crate-name metao_kernel --edition=2021 metao-kernel\src\lib.rs --error-format=json --json=diagnostic-rendered-ansi,artifacts,future-incompat --emit=dep-info,link -C embed-bitcode=no -C debuginfo=2 --test --check-cfg cfg(docsrs,test) --check-cfg "cfg(feature, values())" -C metadata=3db362b8d7158fe1 -C extra-filename=-d9efad0534f7e869 --out-dir C:\Users\IGORB~1\AppData\Local\Temp\cargo-mutants-rust-chassis-a-h7tUTJ.tmp\target\debug\deps -C incremental=C:\Users\IGORB~1\AppData\Local\Temp\cargo-mutants-rust-chassis-a-h7tUTJ.tmp\target\debug\incremental -L dependency=C:\Users\IGORB~1\AppData\Local\Temp\cargo-mutants-rust-chassis-a-h7tUTJ.tmp\target\debug\deps --extern metao_contracts=C:\Users\IGORB~1\AppData\Local\Temp\cargo-mutants-rust-chassis-a-h7tUTJ.tmp\target\debug\deps\libmetao_contracts-2f46a9e12d2edc35.rlib`
       Fresh syn v3.0.4
       Fresh serde_json v1.0.151
       Fresh serde_derive v1.0.229
       Fresh serde v1.0.229
       Fresh metao-wire v0.0.0 (C:\Users\IGORB~1\AppData\Local\Temp\cargo-mutants-rust-chassis-a-h7tUTJ.tmp\metao-wire)
       Dirty metao-testkit v0.0.0 (C:\Users\IGORB~1\AppData\Local\Temp\cargo-mutants-rust-chassis-a-h7tUTJ.tmp\metao-testkit): the dependency `metao-kernel` was rebuilt
   Compiling metao-testkit v0.0.0 (C:\Users\IGORB~1\AppData\Local\Temp\cargo-mutants-rust-chassis-a-h7tUTJ.tmp\metao-testkit)
     Running `C:\Users\Igor B\.rustup\toolchains\stable-x86_64-pc-windows-msvc\bin\rustc.exe --crate-name metao_testkit --edition=2021 metao-testkit\src\lib.rs --error-format=json --json=diagnostic-rendered-ansi,artifacts,future-incompat --crate-type lib --emit=dep-info,metadata,link -C embed-bitcode=no -C debuginfo=2 --check-cfg cfg(docsrs,test) --check-cfg "cfg(feature, values())" -C metadata=ac1feb24395f8bb5 -C extra-filename=-e2ed2f3d49ec8132 --out-dir C:\Users\IGORB~1\AppData\Local\Temp\cargo-mutants-rust-chassis-a-h7tUTJ.tmp\target\debug\deps -C incremental=C:\Users\IGORB~1\AppData\Local\Temp\cargo-mutants-rust-chassis-a-h7tUTJ.tmp\target\debug\incremental -L dependency=C:\Users\IGORB~1\AppData\Local\Temp\cargo-mutants-rust-chassis-a-h7tUTJ.tmp\target\debug\deps --extern metao_contracts=C:\Users\IGORB~1\AppData\Local\Temp\cargo-mutants-rust-chassis-a-h7tUTJ.tmp\target\debug\deps\libmetao_contracts-2f46a9e12d2edc35.rmeta --extern metao_kernel=C:\Users\IGORB~1\AppData\Local\Temp\cargo-mutants-rust-chassis-a-h7tUTJ.tmp\target\debug\deps\libmetao_kernel-a40e2e7ebf26b89a.rmeta --extern metao_registry=C:\Users\IGORB~1\AppData\Local\Temp\cargo-mutants-rust-chassis-a-h7tUTJ.tmp\target\debug\deps\libmetao_registry-643a34d702e3604c.rmeta`
     Running `C:\Users\Igor B\.rustup\toolchains\stable-x86_64-pc-windows-msvc\bin\rustc.exe --crate-name metao_testkit --edition=2021 metao-testkit\src\lib.rs --error-format=json --json=diagnostic-rendered-ansi,artifacts,future-incompat --emit=dep-info,link -C embed-bitcode=no -C debuginfo=2 --test --check-cfg cfg(docsrs,test) --check-cfg "cfg(feature, values())" -C metadata=0539eabef6058b53 -C extra-filename=-43eab5b3a6ecb238 --out-dir C:\Users\IGORB~1\AppData\Local\Temp\cargo-mutants-rust-chassis-a-h7tUTJ.tmp\target\debug\deps -C incremental=C:\Users\IGORB~1\AppData\Local\Temp\cargo-mutants-rust-chassis-a-h7tUTJ.tmp\target\debug\incremental -L dependency=C:\Users\IGORB~1\AppData\Local\Temp\cargo-mutants-rust-chassis-a-h7tUTJ.tmp\target\debug\deps --extern metao_contracts=C:\Users\IGORB~1\AppData\Local\Temp\cargo-mutants-rust-chassis-a-h7tUTJ.tmp\target\debug\deps\libmetao_contracts-2f46a9e12d2edc35.rlib --extern metao_kernel=C:\Users\IGORB~1\AppData\Local\Temp\cargo-mutants-rust-chassis-a-h7tUTJ.tmp\target\debug\deps\libmetao_kernel-a40e2e7ebf26b89a.rlib --extern metao_registry=C:\Users\IGORB~1\AppData\Local\Temp\cargo-mutants-rust-chassis-a-h7tUTJ.tmp\target\debug\deps\libmetao_registry-643a34d702e3604c.rlib`
     Running `C:\Users\Igor B\.rustup\toolchains\stable-x86_64-pc-windows-msvc\bin\rustc.exe --crate-name qualification --edition=2021 metao-testkit\tests\qualification.rs --error-format=json --json=diagnostic-rendered-ansi,artifacts,future-incompat --emit=dep-info,link -C embed-bitcode=no -C debuginfo=2 --test --check-cfg cfg(docsrs,test) --check-cfg "cfg(feature, values())" -C metadata=db513d631f70f5fe -C extra-filename=-e5efad604ea8365a --out-dir C:\Users\IGORB~1\AppData\Local\Temp\cargo-mutants-rust-chassis-a-h7tUTJ.tmp\target\debug\deps -C incremental=C:\Users\IGORB~1\AppData\Local\Temp\cargo-mutants-rust-chassis-a-h7tUTJ.tmp\target\debug\incremental -L dependency=C:\Users\IGORB~1\AppData\Local\Temp\cargo-mutants-rust-chassis-a-h7tUTJ.tmp\target\debug\deps --extern metao_contracts=C:\Users\IGORB~1\AppData\Local\Temp\cargo-mutants-rust-chassis-a-h7tUTJ.tmp\target\debug\deps\libmetao_contracts-2f46a9e12d2edc35.rlib --extern metao_kernel=C:\Users\IGORB~1\AppData\Local\Temp\cargo-mutants-rust-chassis-a-h7tUTJ.tmp\target\debug\deps\libmetao_kernel-a40e2e7ebf26b89a.rlib --extern metao_registry=C:\Users\IGORB~1\AppData\Local\Temp\cargo-mutants-rust-chassis-a-h7tUTJ.tmp\target\debug\deps\libmetao_registry-643a34d702e3604c.rlib --extern metao_testkit=C:\Users\IGORB~1\AppData\Local\Temp\cargo-mutants-rust-chassis-a-h7tUTJ.tmp\target\debug\deps\libmetao_testkit-e2ed2f3d49ec8132.rlib`
    Finished `test` profile [unoptimized + debuginfo] target(s) in 1.81s
  Executable `C:\Users\IGORB~1\AppData\Local\Temp\cargo-mutants-rust-chassis-a-h7tUTJ.tmp\target\debug\deps\metao_contracts-8f25e6b6f266c18c.exe`
  Executable `C:\Users\IGORB~1\AppData\Local\Temp\cargo-mutants-rust-chassis-a-h7tUTJ.tmp\target\debug\deps\metao_kernel-d9efad0534f7e869.exe`
  Executable `C:\Users\IGORB~1\AppData\Local\Temp\cargo-mutants-rust-chassis-a-h7tUTJ.tmp\target\debug\deps\metao_registry-e77873071df07843.exe`
  Executable `C:\Users\IGORB~1\AppData\Local\Temp\cargo-mutants-rust-chassis-a-h7tUTJ.tmp\target\debug\deps\metao_testkit-43eab5b3a6ecb238.exe`
  Executable `C:\Users\IGORB~1\AppData\Local\Temp\cargo-mutants-rust-chassis-a-h7tUTJ.tmp\target\debug\deps\qualification-e5efad604ea8365a.exe`
  Executable `C:\Users\IGORB~1\AppData\Local\Temp\cargo-mutants-rust-chassis-a-h7tUTJ.tmp\target\debug\deps\metao_wire-524044db49b62174.exe`
  Executable `C:\Users\IGORB~1\AppData\Local\Temp\cargo-mutants-rust-chassis-a-h7tUTJ.tmp\target\debug\deps\metao_wire_runtime-c66be4dba49471ae.exe`
  Executable `C:\Users\IGORB~1\AppData\Local\Temp\cargo-mutants-rust-chassis-a-h7tUTJ.tmp\target\debug\deps\out_of_process-a42f1ab588f9896b.exe`

*** result: Success

*** C:\\Users\\Igor\ B\\.rustup\\toolchains\\stable-x86_64-pc-windows-msvc\\bin\\cargo.exe test --verbose --workspace
warning: failed to save last-use data
This may prevent cargo from accurately tracking what is being used in its global cache. This information is used for automatically removing unused data in the cache.

attempt to write a readonly database

Caused by:
  Error code 8: attempt to write a readonly database
       Fresh unicode-ident v1.0.24
       Fresh itoa v1.0.18
       Fresh proc-macro2 v1.0.107
       Fresh memchr v2.8.3
       Fresh quote v1.0.47
       Fresh serde_core v1.0.229
       Fresh zmij v1.0.23
       Fresh metao-registry v0.0.0 (C:\Users\IGORB~1\AppData\Local\Temp\cargo-mutants-rust-chassis-a-h7tUTJ.tmp\metao-registry)
       Fresh syn v3.0.4
       Fresh serde_json v1.0.151
       Fresh metao-testkit v0.0.0 (C:\Users\IGORB~1\AppData\Local\Temp\cargo-mutants-rust-chassis-a-h7tUTJ.tmp\metao-testkit)
       Fresh metao-kernel v0.0.0 (C:\Users\IGORB~1\AppData\Local\Temp\cargo-mutants-rust-chassis-a-h7tUTJ.tmp\metao-kernel)
       Fresh metao-contracts v0.0.0 (C:\Users\IGORB~1\AppData\Local\Temp\cargo-mutants-rust-chassis-a-h7tUTJ.tmp\metao-contracts)
       Fresh serde_derive v1.0.229
       Fresh serde v1.0.229
       Fresh metao-wire v0.0.0 (C:\Users\IGORB~1\AppData\Local\Temp\cargo-mutants-rust-chassis-a-h7tUTJ.tmp\metao-wire)
    Finished `test` profile [unoptimized + debuginfo] target(s) in 0.16s
     Running `C:\Users\IGORB~1\AppData\Local\Temp\cargo-mutants-rust-chassis-a-h7tUTJ.tmp\target\debug\deps\metao_contracts-8f25e6b6f266c18c.exe`

running 0 tests

test result: ok. 0 passed; 0 failed; 0 ignored; 0 measured; 0 filtered out; finished in 0.00s

     Running `C:\Users\IGORB~1\AppData\Local\Temp\cargo-mutants-rust-chassis-a-h7tUTJ.tmp\target\debug\deps\metao_kernel-d9efad0534f7e869.exe`

running 0 tests

test result: ok. 0 passed; 0 failed; 0 ignored; 0 measured; 0 filtered out; finished in 0.00s

     Running `C:\Users\IGORB~1\AppData\Local\Temp\cargo-mutants-rust-chassis-a-h7tUTJ.tmp\target\debug\deps\metao_registry-e77873071df07843.exe`

running 0 tests

test result: ok. 0 passed; 0 failed; 0 ignored; 0 measured; 0 filtered out; finished in 0.00s

     Running `C:\Users\IGORB~1\AppData\Local\Temp\cargo-mutants-rust-chassis-a-h7tUTJ.tmp\target\debug\deps\metao_testkit-43eab5b3a6ecb238.exe`

running 0 tests

test result: ok. 0 passed; 0 failed; 0 ignored; 0 measured; 0 filtered out; finished in 0.00s

     Running `C:\Users\IGORB~1\AppData\Local\Temp\cargo-mutants-rust-chassis-a-h7tUTJ.tmp\target\debug\deps\qualification-e5efad604ea8365a.exe`

running 14 tests
test acceptance_binding_requires_exact_runtime_and_result_alignment ... ok
test acceptance_boundary_epochs_match_python_oracle ... ok
test acceptance_hard_gates_match_python_baseline ... ok
test duplicate_and_version_conflict_fail_deterministically ... ok
test exhaustive_small_reconcile_state_space_satisfies_laws ... FAILED
test failed_execution_never_accepts_and_panic_is_contained ... ok
test kernel_is_platform_framework_and_unsafe_free ... ok
test reconciliation_is_idempotent_and_deterministic ... FAILED
test adversarial_evidence_binding_matrix_only_accepts_exact_verified_binding ... ok
test invalid_identity_construction_is_rejected_by_public_api ... ok
test unregister_reports_presence_and_removal ... ok
test whole_orchestrator_replacement_changes_no_kernel_contract ... ok
test replays_python_golden_fixture_outcomes ... ok
test fault_injection_endurance_slice_contains_failure_and_recovers ... ok

failures:

---- exhaustive_small_reconcile_state_space_satisfies_laws stdout ----

thread 'exhaustive_small_reconcile_state_space_satisfies_laws' (14628) panicked at metao-testkit\tests\qualification.rs:601:13:
assertion failed: first.iter().all(|r| desired.contains(r) && !observed.contains(r))
note: run with `RUST_BACKTRACE=1` environment variable to display a backtrace

---- reconciliation_is_idempotent_and_deterministic stdout ----

thread 'reconciliation_is_idempotent_and_deterministic' (21632) panicked at metao-testkit\tests\qualification.rs:566:5:
assertion `left == right` failed
  left: [RuntimeId("alpha")]
 right: [RuntimeId("beta")]


failures:
    exhaustive_small_reconcile_state_space_satisfies_laws
    reconciliation_is_idempotent_and_deterministic

test result: FAILED. 12 passed; 2 failed; 0 ignored; 0 measured; 0 filtered out; finished in 0.64s

error: test failed, to rerun pass `-p metao-testkit --test qualification`

*** result: Failure(101)
