
*** baseline

*** C:\\Users\\Igor\ B\\.rustup\\toolchains\\stable-x86_64-pc-windows-msvc\\bin\\cargo.exe test --no-run --verbose --package=metao-kernel@0.0.0 --package=metao-registry@0.0.0
   Compiling metao-contracts v0.0.0 (C:\Users\IGORB~1\AppData\Local\Temp\cargo-mutants-rust-chassis-a-BzRhY3.tmp\metao-contracts)
     Running `C:\Users\Igor B\.rustup\toolchains\stable-x86_64-pc-windows-msvc\bin\rustc.exe --crate-name metao_contracts --edition=2021 metao-contracts\src\lib.rs --error-format=json --json=diagnostic-rendered-ansi,artifacts,future-incompat --crate-type lib --emit=dep-info,metadata,link -C embed-bitcode=no -C debuginfo=2 --check-cfg cfg(docsrs,test) --check-cfg "cfg(feature, values())" -C metadata=6684d791b2c594ba -C extra-filename=-2f46a9e12d2edc35 --out-dir C:\Users\IGORB~1\AppData\Local\Temp\cargo-mutants-rust-chassis-a-BzRhY3.tmp\target\debug\deps -C incremental=C:\Users\IGORB~1\AppData\Local\Temp\cargo-mutants-rust-chassis-a-BzRhY3.tmp\target\debug\incremental -L dependency=C:\Users\IGORB~1\AppData\Local\Temp\cargo-mutants-rust-chassis-a-BzRhY3.tmp\target\debug\deps`
   Compiling metao-kernel v0.0.0 (C:\Users\IGORB~1\AppData\Local\Temp\cargo-mutants-rust-chassis-a-BzRhY3.tmp\metao-kernel)
   Compiling metao-registry v0.0.0 (C:\Users\IGORB~1\AppData\Local\Temp\cargo-mutants-rust-chassis-a-BzRhY3.tmp\metao-registry)
     Running `C:\Users\Igor B\.rustup\toolchains\stable-x86_64-pc-windows-msvc\bin\rustc.exe --crate-name metao_kernel --edition=2021 metao-kernel\src\lib.rs --error-format=json --json=diagnostic-rendered-ansi,artifacts,future-incompat --crate-type lib --emit=dep-info,metadata,link -C embed-bitcode=no -C debuginfo=2 --check-cfg cfg(docsrs,test) --check-cfg "cfg(feature, values())" -C metadata=8063af36809cfa34 -C extra-filename=-a40e2e7ebf26b89a --out-dir C:\Users\IGORB~1\AppData\Local\Temp\cargo-mutants-rust-chassis-a-BzRhY3.tmp\target\debug\deps -C incremental=C:\Users\IGORB~1\AppData\Local\Temp\cargo-mutants-rust-chassis-a-BzRhY3.tmp\target\debug\incremental -L dependency=C:\Users\IGORB~1\AppData\Local\Temp\cargo-mutants-rust-chassis-a-BzRhY3.tmp\target\debug\deps --extern metao_contracts=C:\Users\IGORB~1\AppData\Local\Temp\cargo-mutants-rust-chassis-a-BzRhY3.tmp\target\debug\deps\libmetao_contracts-2f46a9e12d2edc35.rmeta`
     Running `C:\Users\Igor B\.rustup\toolchains\stable-x86_64-pc-windows-msvc\bin\rustc.exe --crate-name metao_registry --edition=2021 metao-registry\src\lib.rs --error-format=json --json=diagnostic-rendered-ansi,artifacts,future-incompat --crate-type lib --emit=dep-info,metadata,link -C embed-bitcode=no -C debuginfo=2 --check-cfg cfg(docsrs,test) --check-cfg "cfg(feature, values())" -C metadata=7c2b7be1c83c374c -C extra-filename=-643a34d702e3604c --out-dir C:\Users\IGORB~1\AppData\Local\Temp\cargo-mutants-rust-chassis-a-BzRhY3.tmp\target\debug\deps -C incremental=C:\Users\IGORB~1\AppData\Local\Temp\cargo-mutants-rust-chassis-a-BzRhY3.tmp\target\debug\incremental -L dependency=C:\Users\IGORB~1\AppData\Local\Temp\cargo-mutants-rust-chassis-a-BzRhY3.tmp\target\debug\deps --extern metao_contracts=C:\Users\IGORB~1\AppData\Local\Temp\cargo-mutants-rust-chassis-a-BzRhY3.tmp\target\debug\deps\libmetao_contracts-2f46a9e12d2edc35.rmeta`
     Running `C:\Users\Igor B\.rustup\toolchains\stable-x86_64-pc-windows-msvc\bin\rustc.exe --crate-name metao_registry --edition=2021 metao-registry\src\lib.rs --error-format=json --json=diagnostic-rendered-ansi,artifacts,future-incompat --emit=dep-info,link -C embed-bitcode=no -C debuginfo=2 --test --check-cfg cfg(docsrs,test) --check-cfg "cfg(feature, values())" -C metadata=182bc52ada0c90b5 -C extra-filename=-e77873071df07843 --out-dir C:\Users\IGORB~1\AppData\Local\Temp\cargo-mutants-rust-chassis-a-BzRhY3.tmp\target\debug\deps -C incremental=C:\Users\IGORB~1\AppData\Local\Temp\cargo-mutants-rust-chassis-a-BzRhY3.tmp\target\debug\incremental -L dependency=C:\Users\IGORB~1\AppData\Local\Temp\cargo-mutants-rust-chassis-a-BzRhY3.tmp\target\debug\deps --extern metao_contracts=C:\Users\IGORB~1\AppData\Local\Temp\cargo-mutants-rust-chassis-a-BzRhY3.tmp\target\debug\deps\libmetao_contracts-2f46a9e12d2edc35.rlib`
     Running `C:\Users\Igor B\.rustup\toolchains\stable-x86_64-pc-windows-msvc\bin\rustc.exe --crate-name metao_kernel --edition=2021 metao-kernel\src\lib.rs --error-format=json --json=diagnostic-rendered-ansi,artifacts,future-incompat --emit=dep-info,link -C embed-bitcode=no -C debuginfo=2 --test --check-cfg cfg(docsrs,test) --check-cfg "cfg(feature, values())" -C metadata=3db362b8d7158fe1 -C extra-filename=-d9efad0534f7e869 --out-dir C:\Users\IGORB~1\AppData\Local\Temp\cargo-mutants-rust-chassis-a-BzRhY3.tmp\target\debug\deps -C incremental=C:\Users\IGORB~1\AppData\Local\Temp\cargo-mutants-rust-chassis-a-BzRhY3.tmp\target\debug\incremental -L dependency=C:\Users\IGORB~1\AppData\Local\Temp\cargo-mutants-rust-chassis-a-BzRhY3.tmp\target\debug\deps --extern metao_contracts=C:\Users\IGORB~1\AppData\Local\Temp\cargo-mutants-rust-chassis-a-BzRhY3.tmp\target\debug\deps\libmetao_contracts-2f46a9e12d2edc35.rlib`
    Finished `test` profile [unoptimized + debuginfo] target(s) in 4.18s
  Executable `C:\Users\IGORB~1\AppData\Local\Temp\cargo-mutants-rust-chassis-a-BzRhY3.tmp\target\debug\deps\metao_kernel-d9efad0534f7e869.exe`
  Executable `C:\Users\IGORB~1\AppData\Local\Temp\cargo-mutants-rust-chassis-a-BzRhY3.tmp\target\debug\deps\metao_registry-e77873071df07843.exe`

*** result: Success

*** C:\\Users\\Igor\ B\\.rustup\\toolchains\\stable-x86_64-pc-windows-msvc\\bin\\cargo.exe test --verbose --package=metao-kernel@0.0.0 --package=metao-registry@0.0.0
       Fresh metao-contracts v0.0.0 (C:\Users\IGORB~1\AppData\Local\Temp\cargo-mutants-rust-chassis-a-BzRhY3.tmp\metao-contracts)
       Fresh metao-registry v0.0.0 (C:\Users\IGORB~1\AppData\Local\Temp\cargo-mutants-rust-chassis-a-BzRhY3.tmp\metao-registry)
       Fresh metao-kernel v0.0.0 (C:\Users\IGORB~1\AppData\Local\Temp\cargo-mutants-rust-chassis-a-BzRhY3.tmp\metao-kernel)
    Finished `test` profile [unoptimized + debuginfo] target(s) in 0.16s
     Running `C:\Users\IGORB~1\AppData\Local\Temp\cargo-mutants-rust-chassis-a-BzRhY3.tmp\target\debug\deps\metao_kernel-d9efad0534f7e869.exe`

running 0 tests

test result: ok. 0 passed; 0 failed; 0 ignored; 0 measured; 0 filtered out; finished in 0.00s

     Running `C:\Users\IGORB~1\AppData\Local\Temp\cargo-mutants-rust-chassis-a-BzRhY3.tmp\target\debug\deps\metao_registry-e77873071df07843.exe`

running 0 tests

test result: ok. 0 passed; 0 failed; 0 ignored; 0 measured; 0 filtered out; finished in 0.00s

   Doc-tests metao_kernel
     Running `C:\Users\Igor B\.rustup\toolchains\stable-x86_64-pc-windows-msvc\bin\rustdoc.exe --edition=2021 --crate-type lib --color auto --crate-name metao_kernel --test metao-kernel\src\lib.rs --test-run-directory C:\Users\IGORB~1\AppData\Local\Temp\cargo-mutants-rust-chassis-a-BzRhY3.tmp\metao-kernel --extern metao_contracts=C:\Users\IGORB~1\AppData\Local\Temp\cargo-mutants-rust-chassis-a-BzRhY3.tmp\target\debug\deps\libmetao_contracts-2f46a9e12d2edc35.rlib --extern metao_kernel=C:\Users\IGORB~1\AppData\Local\Temp\cargo-mutants-rust-chassis-a-BzRhY3.tmp\target\debug\deps\libmetao_kernel-a40e2e7ebf26b89a.rlib -L dependency=C:\Users\IGORB~1\AppData\Local\Temp\cargo-mutants-rust-chassis-a-BzRhY3.tmp\target\debug\deps -C embed-bitcode=no --check-cfg cfg(docsrs,test) --check-cfg "cfg(feature, values())" --error-format human`

running 0 tests

test result: ok. 0 passed; 0 failed; 0 ignored; 0 measured; 0 filtered out; finished in 0.00s

   Doc-tests metao_registry
     Running `C:\Users\Igor B\.rustup\toolchains\stable-x86_64-pc-windows-msvc\bin\rustdoc.exe --edition=2021 --crate-type lib --color auto --crate-name metao_registry --test metao-registry\src\lib.rs --test-run-directory C:\Users\IGORB~1\AppData\Local\Temp\cargo-mutants-rust-chassis-a-BzRhY3.tmp\metao-registry --extern metao_contracts=C:\Users\IGORB~1\AppData\Local\Temp\cargo-mutants-rust-chassis-a-BzRhY3.tmp\target\debug\deps\libmetao_contracts-2f46a9e12d2edc35.rlib --extern metao_registry=C:\Users\IGORB~1\AppData\Local\Temp\cargo-mutants-rust-chassis-a-BzRhY3.tmp\target\debug\deps\libmetao_registry-643a34d702e3604c.rlib -L dependency=C:\Users\IGORB~1\AppData\Local\Temp\cargo-mutants-rust-chassis-a-BzRhY3.tmp\target\debug\deps -C embed-bitcode=no --check-cfg cfg(docsrs,test) --check-cfg "cfg(feature, values())" --error-format human`

running 0 tests

test result: ok. 0 passed; 0 failed; 0 ignored; 0 measured; 0 filtered out; finished in 0.00s


*** result: Success
